Archive member included to satisfy reference by file (symbol)

c:/gcc-arm-none-eabi-10.3-2021.07/bin/../lib/gcc/arm-none-eabi/10.3.1/../../../../arm-none-eabi/lib/thumb/v7e-m+fp/hard\libc_nano.a(lib_a-exit.o)
                              c:/gcc-arm-none-eabi-10.3-2021.07/bin/../lib/gcc/arm-none-eabi/10.3.1/../../../../arm-none-eabi/lib/thumb/v7e-m+fp/hard/crt0.o (exit)
c:/gcc-arm-none-eabi-10.3-2021.07/bin/../lib/gcc/arm-none-eabi/10.3.1/../../../../arm-none-eabi/lib/thumb/v7e-m+fp/hard\libc_nano.a(lib_a-impure.o)
                              c:/gcc-arm-none-eabi-10.3-2021.07/bin/../lib/gcc/arm-none-eabi/10.3.1/../../../../arm-none-eabi/lib/thumb/v7e-m+fp/hard\libc_nano.a(lib_a-exit.o) (_global_impure_ptr)
c:/gcc-arm-none-eabi-10.3-2021.07/bin/../lib/gcc/arm-none-eabi/10.3.1/../../../../arm-none-eabi/lib/thumb/v7e-m+fp/hard\libc_nano.a(lib_a-init.o)
                              c:/gcc-arm-none-eabi-10.3-2021.07/bin/../lib/gcc/arm-none-eabi/10.3.1/../../../../arm-none-eabi/lib/thumb/v7e-m+fp/hard/crt0.o (__libc_init_array)
c:/gcc-arm-none-eabi-10.3-2021.07/bin/../lib/gcc/arm-none-eabi/10.3.1/../../../../arm-none-eabi/lib/thumb/v7e-m+fp/hard\libc_nano.a(lib_a-memset.o)
                              c:/gcc-arm-none-eabi-10.3-2021.07/bin/../lib/gcc/arm-none-eabi/10.3.1/../../../../arm-none-eabi/lib/thumb/v7e-m+fp/hard/crt0.o (memset)
c:/gcc-arm-none-eabi-10.3-2021.07/bin/../lib/gcc/arm-none-eabi/10.3.1/../../../../arm-none-eabi/lib/thumb/v7e-m+fp/hard\libm.a(lib_a-s_sin.o)
                              build/main.o (sin)
c:/gcc-arm-none-eabi-10.3-2021.07/bin/../lib/gcc/arm-none-eabi/10.3.1/../../../../arm-none-eabi/lib/thumb/v7e-m+fp/hard\libm.a(lib_a-e_rem_pio2.o)
                              c:/gcc-arm-none-eabi-10.3-2021.07/bin/../lib/gcc/arm-none-eabi/10.3.1/../../../../arm-none-eabi/lib/thumb/v7e-m+fp/hard\libm.a(lib_a-s_sin.o) (__ieee754_rem_pio2)
c:/gcc-arm-none-eabi-10.3-2021.07/bin/../lib/gcc/arm-none-eabi/10.3.1/../../../../arm-none-eabi/lib/thumb/v7e-m+fp/hard\libm.a(lib_a-k_cos.o)
                              c:/gcc-arm-none-eabi-10.3-2021.07/bin/../lib/gcc/arm-none-eabi/10.3.1/../../../../arm-none-eabi/lib/thumb/v7e-m+fp/hard\libm.a(lib_a-s_sin.o) (__kernel_cos)
c:/gcc-arm-none-eabi-10.3-2021.07/bin/../lib/gcc/arm-none-eabi/10.3.1/../../../../arm-none-eabi/lib/thumb/v7e-m+fp/hard\libm.a(lib_a-k_rem_pio2.o)
                              c:/gcc-arm-none-eabi-10.3-2021.07/bin/../lib/gcc/arm-none-eabi/10.3.1/../../../../arm-none-eabi/lib/thumb/v7e-m+fp/hard\libm.a(lib_a-e_rem_pio2.o) (__kernel_rem_pio2)
c:/gcc-arm-none-eabi-10.3-2021.07/bin/../lib/gcc/arm-none-eabi/10.3.1/../../../../arm-none-eabi/lib/thumb/v7e-m+fp/hard\libm.a(lib_a-k_sin.o)
                              c:/gcc-arm-none-eabi-10.3-2021.07/bin/../lib/gcc/arm-none-eabi/10.3.1/../../../../arm-none-eabi/lib/thumb/v7e-m+fp/hard\libm.a(lib_a-s_sin.o) (__kernel_sin)
c:/gcc-arm-none-eabi-10.3-2021.07/bin/../lib/gcc/arm-none-eabi/10.3.1/../../../../arm-none-eabi/lib/thumb/v7e-m+fp/hard\libm.a(lib_a-s_fabs.o)
                              c:/gcc-arm-none-eabi-10.3-2021.07/bin/../lib/gcc/arm-none-eabi/10.3.1/../../../../arm-none-eabi/lib/thumb/v7e-m+fp/hard\libm.a(lib_a-e_rem_pio2.o) (fabs)
c:/gcc-arm-none-eabi-10.3-2021.07/bin/../lib/gcc/arm-none-eabi/10.3.1/../../../../arm-none-eabi/lib/thumb/v7e-m+fp/hard\libm.a(lib_a-s_floor.o)
                              c:/gcc-arm-none-eabi-10.3-2021.07/bin/../lib/gcc/arm-none-eabi/10.3.1/../../../../arm-none-eabi/lib/thumb/v7e-m+fp/hard\libm.a(lib_a-k_rem_pio2.o) (floor)
c:/gcc-arm-none-eabi-10.3-2021.07/bin/../lib/gcc/arm-none-eabi/10.3.1/../../../../arm-none-eabi/lib/thumb/v7e-m+fp/hard\libm.a(lib_a-s_scalbn.o)
                              c:/gcc-arm-none-eabi-10.3-2021.07/bin/../lib/gcc/arm-none-eabi/10.3.1/../../../../arm-none-eabi/lib/thumb/v7e-m+fp/hard\libm.a(lib_a-k_rem_pio2.o) (scalbn)
c:/gcc-arm-none-eabi-10.3-2021.07/bin/../lib/gcc/arm-none-eabi/10.3.1/../../../../arm-none-eabi/lib/thumb/v7e-m+fp/hard\libnosys.a(_exit.o)
                              c:/gcc-arm-none-eabi-10.3-2021.07/bin/../lib/gcc/arm-none-eabi/10.3.1/../../../../arm-none-eabi/lib/thumb/v7e-m+fp/hard\libc_nano.a(lib_a-exit.o) (_exit)
c:/gcc-arm-none-eabi-10.3-2021.07/bin/../lib/gcc/arm-none-eabi/10.3.1/thumb/v7e-m+fp/hard\libgcc.a(_arm_muldf3.o)
                              build/main.o (__aeabi_dmul)
c:/gcc-arm-none-eabi-10.3-2021.07/bin/../lib/gcc/arm-none-eabi/10.3.1/thumb/v7e-m+fp/hard\libgcc.a(_arm_addsubdf3.o)
                              c:/gcc-arm-none-eabi-10.3-2021.07/bin/../lib/gcc/arm-none-eabi/10.3.1/../../../../arm-none-eabi/lib/thumb/v7e-m+fp/hard\libm.a(lib_a-s_sin.o) (__aeabi_dsub)
c:/gcc-arm-none-eabi-10.3-2021.07/bin/../lib/gcc/arm-none-eabi/10.3.1/thumb/v7e-m+fp/hard\libgcc.a(_arm_muldivdf3.o)
                              build/main.o (__aeabi_ddiv)
c:/gcc-arm-none-eabi-10.3-2021.07/bin/../lib/gcc/arm-none-eabi/10.3.1/thumb/v7e-m+fp/hard\libgcc.a(_arm_cmpdf2.o)
[...]
Memory Configuration

Name             Origin             Length             Attributes
FLASH            0x08000000         0x00020000         xr
RAM              0x20000000         0x00008000         xrw
*default*        0x00000000         0xffffffff

Linker script and memory map

LOAD c:/gcc-arm-none-eabi-10.3-2021.07/bin/../lib/gcc/arm-none-eabi/10.3.1/thumb/v7e-m+fp/hard/crti.o
LOAD c:/gcc-arm-none-eabi-10.3-2021.07/bin/../lib/gcc/arm-none-eabi/10.3.1/thumb/v7e-m+fp/hard/crtbegin.o
LOAD c:/gcc-arm-none-eabi-10.3-2021.07/bin/../lib/gcc/arm-none-eabi/10.3.1/../../../../arm-none-eabi/lib/thumb/v7e-m+fp/hard/crt0.o
LOAD build/main.o
LOAD build/at32f413_int.o
LOAD build/at32f413_clock.o
LOAD build/at32f413_board.o
LOAD build/system_at32f413.o
LOAD build/at32f413_acc.o
LOAD build/at32f413_adc.o
LOAD build/at32f413_bpr.o
LOAD build/at32f413_can.o
LOAD build/at32f413_crc.o
LOAD build/at32f413_crm.o
LOAD build/at32f413_debug.o
LOAD build/at32f413_dma.o
LOAD build/at32f413_exint.o
LOAD build/at32f413_flash.o
LOAD build/at32f413_gpio.o
LOAD build/at32f413_i2c.o
LOAD build/at32f413_misc.o
LOAD build/at32f413_pwc.o
LOAD build/at32f413_rtc.o
LOAD build/at32f413_sdio.o
LOAD build/at32f413_spi.o
LOAD build/at32f413_tmr.o
LOAD build/at32f413_usart.o
LOAD build/at32f413_usb.o
LOAD build/at32f413_wdt.o
LOAD build/at32f413_wwdt.o
LOAD build/startup_at32f413.o
LOAD c:/gcc-arm-none-eabi-10.3-2021.07/bin/../lib/gcc/arm-none-eabi/10.3.1/../../../../arm-none-eabi/lib/thumb/v7e-m+fp/hard\libc_nano.a
LOAD c:/gcc-arm-none-eabi-10.3-2021.07/bin/../lib/gcc/arm-none-eabi/10.3.1/../../../../arm-none-eabi/lib/thumb/v7e-m+fp/hard\libm.a
LOAD c:/gcc-arm-none-eabi-10.3-2021.07/bin/../lib/gcc/arm-none-eabi/10.3.1/../../../../arm-none-eabi/lib/thumb/v7e-m+fp/hard\libnosys.a
START GROUP
LOAD c:/gcc-arm-none-eabi-10.3-2021.07/bin/../lib/gcc/arm-none-eabi/10.3.1/thumb/v7e-m+fp/hard\libgcc.a
LOAD c:/gcc-arm-none-eabi-10.3-2021.07/bin/../lib/gcc/arm-none-eabi/10.3.1/../../../../arm-none-eabi/lib/thumb/v7e-m+fp/hard\libc_nano.a
END GROUP
START GROUP
LOAD c:/gcc-arm-none-eabi-10.3-2021.07/bin/../lib/gcc/arm-none-eabi/10.3.1/thumb/v7e-m+fp/hard\libgcc.a
LOAD c:/gcc-arm-none-eabi-10.3-2021.07/bin/../lib/gcc/arm-none-eabi/10.3.1/../../../../arm-none-eabi/lib/thumb/v7e-m+fp/hard\libc_nano.a
END GROUP
LOAD c:/gcc-arm-none-eabi-10.3-2021.07/bin/../lib/gcc/arm-none-eabi/10.3.1/thumb/v7e-m+fp/hard/crtend.o
LOAD c:/gcc-arm-none-eabi-10.3-2021.07/bin/../lib/gcc/arm-none-eabi/10.3.1/thumb/v7e-m+fp/hard/crtn.o
                0x20008000                _estack = 0x20008000
                0x00000200                _Min_Heap_Size = 0x200
                0x00000400                _Min_Stack_Size = 0x400

.isr_vector     0x08000000      0x170
                0x08000000                . = ALIGN (0x4)
 *(.isr_vector)
 .isr_vector    0x08000000      0x170 build/startup_at32f413.o
                0x08000000                g_pfnVectors
                0x08000170                . = ALIGN (0x4)

.text           0x08000170     0x2874
                0x08000170                . = ALIGN (0x4)
 *(.text)
 .text          0x08000170       0x40 c:/gcc-arm-none-eabi-10.3-2021.07/bin/../lib/gcc/arm-none-eabi/10.3.1/thumb/v7e-m+fp/hard/crtbegin.o
 .text          0x080001b0      0x378 c:/gcc-arm-none-eabi-10.3-2021.07/bin/../lib/gcc/arm-none-eabi/10.3.1/thumb/v7e-m+fp/hard\libgcc.a(_arm_addsubdf3.o)
                0x080001b0                __aeabi_drsub
                0x080001b8                __aeabi_dsub
                0x080001b8                __subdf3
                0x080001bc                __aeabi_dadd
                0x080001bc                __adddf3
                0x08000434                __floatunsidf
                0x08000434                __aeabi_ui2d
                0x08000454                __floatsidf
                0x08000454                __aeabi_i2d
                0x08000478                __aeabi_f2d
                0x08000478                __extendsfdf2
                0x080004bc                __floatundidf
                0x080004bc                __aeabi_ul2d
                0x080004cc                __floatdidf
                0x080004cc                __aeabi_l2d
 .text          0x08000528      0x424 c:/gcc-arm-none-eabi-10.3-2021.07/bin/../lib/gcc/arm-none-eabi/10.3.1/thumb/v7e-m+fp/hard\libgcc.a(_arm_muldivdf3.o)
                0x08000528                __aeabi_dmul
                0x08000528                __muldf3
                0x0800077c                __divdf3
                0x0800077c                __aeabi_ddiv
 .text          0x0800094c      0x110 c:/gcc-arm-none-eabi-10.3-2021.07/bin/../lib/gcc/arm-none-eabi/10.3.1/thumb/v7e-m+fp/hard\libgcc.a(_arm_cmpdf2.o)
                0x0800094c                __gtdf2
                0x0800094c                __gedf2
                0x08000954                __ltdf2
                0x08000954                __ledf2
                0x0800095c                __nedf2
                0x0800095c                __eqdf2
                0x0800095c                __cmpdf2
                0x080009d8                __aeabi_cdrcmple
                0x080009e8                __aeabi_cdcmpeq
                0x080009e8                __aeabi_cdcmple
                0x080009f8                __aeabi_dcmpeq
                0x08000a0c                __aeabi_dcmplt
                0x08000a20                __aeabi_dcmple
                0x08000a34                __aeabi_dcmpge
                0x08000a48                __aeabi_dcmpgt
 .text          0x08000a5c       0x50 c:/gcc-arm-none-eabi-10.3-2021.07/bin/../lib/gcc/arm-none-eabi/10.3.1/thumb/v7e-m+fp/hard\libgcc.a(_arm_fixdfsi.o)
                0x08000a5c                __aeabi_d2iz
                0x08000a5c                __fixdfsi
 .text          0x08000aac       0x40 c:/gcc-arm-none-eabi-10.3-2021.07/bin/../lib/gcc/arm-none-eabi/10.3.1/thumb/v7e-m+fp/hard\libgcc.a(_arm_fixunsdfsi.o)
                0x08000aac                __aeabi_d2uiz
                0x08000aac                __fixunsdfsi
 *(.text*)
 *fill*         0x08000aec        0x4 
 .text.main     0x08000af0      0x1a8 build/main.o
                0x08000af0                main
 .text.NMI_Handler
                0x08000c98        0x2 build/at32f413_int.o
                0x08000c98                NMI_Handler
 .text.HardFault_Handler
                0x08000c9a        0x2 build/at32f413_int.o
                0x08000c9a                HardFault_Handler
 .text.MemManage_Handler
                0x08000c9c        0x2 build/at32f413_int.o
                0x08000c9c                MemManage_Handler
 .text.BusFault_Handler
                0x08000c9e        0x2 build/at32f413_int.o
                0x08000c9e                BusFault_Handler
 .text.UsageFault_Handler
                0x08000ca0        0x2 build/at32f413_int.o
                0x08000ca0                UsageFault_Handler
 .text.SVC_Handler
                0x08000ca2        0x2 build/at32f413_int.o
                0x08000ca2                SVC_Handler
 .text.DebugMon_Handler
                0x08000ca4        0x2 build/at32f413_int.o
                0x08000ca4                DebugMon_Handler
 .text.PendSV_Handler
                0x08000ca6        0x2 build/at32f413_int.o
                0x08000ca6                PendSV_Handler
 .text.SysTick_Handler
                0x08000ca8        0x2 build/at32f413_int.o
                0x08000ca8                SysTick_Handler
 .text.system_clock_config
                0x08000caa       0x72 build/at32f413_clock.o
                0x08000caa                system_clock_config
 .text.at32_button_init
                0x08000d1c       0x40 build/at32f413_board.o
                0x08000d1c                at32_button_init
 .text.at32_led_init
                0x08000d5c       0x54 build/at32f413_board.o
                0x08000d5c                at32_led_init
 .text.at32_led_on
                0x08000db0       0x20 build/at32f413_board.o
                0x08000db0                at32_led_on
 .text.at32_led_off
                0x08000dd0       0x20 build/at32f413_board.o
                0x08000dd0                at32_led_off
 .text.delay_init
                0x08000df0       0x38 build/at32f413_board.o
                0x08000df0                delay_init
 .text.at32_board_init
                0x08000e28       0x30 build/at32f413_board.o
                0x08000e28                at32_board_init
 .text.SystemInit
                0x08000e58       0x64 build/system_at32f413.o
                0x08000e58                SystemInit
 .text.system_core_clock_update
                0x08000ebc       0xd0 build/system_at32f413.o
                0x08000ebc                system_core_clock_update
 .text.crm_reset
                0x08000f8c       0x48 build/at32f413_crm.o
                0x08000f8c                crm_reset
 .text.crm_flag_get
                0x08000fd4       0x24 build/at32f413_crm.o
                0x08000fd4                crm_flag_get
 .text.crm_hext_stable_wait
                0x08000ff8       0x26 build/at32f413_crm.o
                0x08000ff8                crm_hext_stable_wait
 .text.crm_periph_clock_enable
                0x0800101e       0x3c build/at32f413_crm.o
                0x0800101e                crm_periph_clock_enable
 *fill*         0x0800105a        0x2 
 .text.crm_clock_source_enable
                0x0800105c       0x50 build/at32f413_crm.o
                0x0800105c                crm_clock_source_enable
 .text.crm_ahb_div_set
                0x080010ac       0x10 build/at32f413_crm.o
                0x080010ac                crm_ahb_div_set
 .text.crm_apb1_div_set
                0x080010bc       0x10 build/at32f413_crm.o
                0x080010bc                crm_apb1_div_set
 .text.crm_apb2_div_set
                0x080010cc       0x10 build/at32f413_crm.o
                0x080010cc                crm_apb2_div_set
 .text.crm_pll_config
                0x080010dc       0x5c build/at32f413_crm.o
                0x080010dc                crm_pll_config
 .text.crm_sysclk_switch
                0x08001138       0x10 build/at32f413_crm.o
                0x08001138                crm_sysclk_switch
 .text.crm_sysclk_switch_status_get
                0x08001148       0x10 build/at32f413_crm.o
                0x08001148                crm_sysclk_switch_status_get
 .text.crm_clocks_freq_get
                0x08001158      0x104 build/at32f413_crm.o
                0x08001158                crm_clocks_freq_get
 .text.crm_auto_step_mode_enable
                0x0800125c       0x20 build/at32f413_crm.o
                0x0800125c                crm_auto_step_mode_enable
 .text.dma_reset
                0x0800127c       0x74 build/at32f413_dma.o
                0x0800127c                dma_reset
 .text.dma_channel_enable
                0x080012f0        0xa build/at32f413_dma.o
                0x080012f0                dma_channel_enable
 .text.dma_init
                0x080012fa       0x62 build/at32f413_dma.o
                0x080012fa                dma_init
 .text.gpio_init
                0x0800135c       0xba build/at32f413_gpio.o
                0x0800135c                gpio_init
 .text.gpio_default_para_init
                0x08001416       0x16 build/at32f413_gpio.o
                0x08001416                gpio_default_para_init
 .text.systick_clock_source_config
                0x0800142c       0x20 build/at32f413_misc.o
                0x0800142c                systick_clock_source_config
 .text.tmr_counter_enable
                0x0800144c        0xa build/at32f413_tmr.o
                0x0800144c                tmr_counter_enable
 .text.tmr_output_default_para_init
                0x08001456       0x12 build/at32f413_tmr.o
                0x08001456                tmr_output_default_para_init
 .text.tmr_base_init
                0x08001468        0xe build/at32f413_tmr.o
                0x08001468                tmr_base_init
 .text.tmr_cnt_dir_set
                0x08001476        0xa build/at32f413_tmr.o
                0x08001476                tmr_cnt_dir_set
 .text.tmr_output_channel_config
                0x08001480      0x104 build/at32f413_tmr.o
                0x08001480                tmr_output_channel_config
 .text.tmr_channel_value_set
                0x08001584       0x20 build/at32f413_tmr.o
                0x08001584                tmr_channel_value_set
 .text.tmr_dma_request_enable
                0x080015a4       0x18 build/at32f413_tmr.o
                0x080015a4                tmr_dma_request_enable
 .text.tmr_output_enable
                0x080015bc        0xa build/at32f413_tmr.o
                0x080015bc                tmr_output_enable
 *fill*         0x080015c6        0x2 
 .text.Reset_Handler
                0x080015c8       0x48 build/startup_at32f413.o
                0x080015c8                Reset_Handler
 .text.Default_Handler
                0x08001610        0x2 build/startup_at32f413.o
                0x08001610                SDIO1_IRQHandler
                0x08001610                EXINT2_IRQHandler
                0x08001610                USBFS_L_CAN1_RX0_IRQHandler
                0x08001610                I2C2_EVT_IRQHandler
                0x08001610                TMR1_OVF_TMR10_IRQHandler
                0x08001610                TMR8_BRK_IRQHandler
                0x08001610                USBFS_H_CAN1_TX_IRQHandler
                0x08001610                I2C1_ERR_IRQHandler
                0x08001610                EXINT9_5_IRQHandler
                0x08001610                CAN2_RX1_IRQHandler
                0x08001610                TMR5_GLOBAL_IRQHandler
                0x08001610                TMR8_TRG_HALL_IRQHandler
                0x08001610                TMR8_OVF_IRQHandler
                0x08001610                ADC1_2_IRQHandler
                0x08001610                SPI1_IRQHandler
                0x08001610                TAMPER_IRQHandler
                0x08001610                CAN2_RX0_IRQHandler
                0x08001610                DMA2_Channel2_IRQHandler
                0x08001610                DMA1_Channel4_IRQHandler
                0x08001610                TMR8_CH_IRQHandler
                0x08001610                EXINT0_IRQHandler
                0x08001610                USART3_IRQHandler
                0x08001610                RTC_IRQHandler
                0x08001610                DMA1_Channel7_IRQHandler
                0x08001610                CAN1_RX1_IRQHandler
                0x08001610                UART5_IRQHandler
                0x08001610                ACC_IRQHandler
                0x08001610                DMA2_Channel1_IRQHandler
                0x08001610                EXINT3_IRQHandler
                0x08001610                DMA1_Channel6_IRQHandler
                0x08001610                UART4_IRQHandler
                0x08001610                DMA1_Channel1_IRQHandler
                0x08001610                Default_Handler
                0x08001610                USBFS_MAPH_IRQHandler
                0x08001610                TMR3_GLOBAL_IRQHandler
                0x08001610                CAN1_SE_IRQHandler
                0x08001610                CAN2_TX_IRQHandler
                0x08001610                TMR1_BRK_TMR9_IRQHandler
                0x08001610                USBFS_MAPL_IRQHandler
                0x08001610                SPI2_IRQHandler
                0x08001610                TMR1_TRG_HALL_TMR11_IRQHandler
                0x08001610                DMA1_Channel5_IRQHandler
                0x08001610                TMR4_GLOBAL_IRQHandler
                0x08001610                EXINT4_IRQHandler
                0x08001610                CAN2_SE_IRQHandler
                0x08001610                DMA2_Channel6_7_IRQHandler
                0x08001610                PVM_IRQHandler
                0x08001610                DMA1_Channel3_IRQHandler
                0x08001610                I2C1_EVT_IRQHandler
                0x08001610                EXINT1_IRQHandler
                0x08001610                RTCAlarm_IRQHandler
                0x08001610                DMA2_Channel4_5_IRQHandler
                0x08001610                USART2_IRQHandler
                0x08001610                DMA1_Channel2_IRQHandler
                0x08001610                TMR2_GLOBAL_IRQHandler
                0x08001610                FLASH_IRQHandler
                0x08001610                I2C2_ERR_IRQHandler
                0x08001610                USBFSWakeUp_IRQHandler
                0x08001610                USART1_IRQHandler
                0x08001610                TMR1_CH_IRQHandler
                0x08001610                CRM_IRQHandler
                0x08001610                EXINT15_10_IRQHandler
                0x08001610                WWDT_IRQHandler
                0x08001610                DMA2_Channel3_IRQHandler
 *fill*         0x08001612        0x2 
 .text.__libc_init_array
                0x08001614       0x48 c:/gcc-arm-none-eabi-10.3-2021.07/bin/../lib/gcc/arm-none-eabi/10.3.1/../../../../arm-none-eabi/lib/thumb/v7e-m+fp/hard\libc_nano.a(lib_a-init.o)
                0x08001614                __libc_init_array
 *fill*         0x0800165c        0x4 
 .text.sin      0x08001660       0x90 c:/gcc-arm-none-eabi-10.3-2021.07/bin/../lib/gcc/arm-none-eabi/10.3.1/../../../../arm-none-eabi/lib/thumb/v7e-m+fp/hard\libm.a(lib_a-s_sin.o)
                0x08001660                sin
 .text.__ieee754_rem_pio2
                0x080016f0      0x44c c:/gcc-arm-none-eabi-10.3-2021.07/bin/../lib/gcc/arm-none-eabi/10.3.1/../../../../arm-none-eabi/lib/thumb/v7e-m+fp/hard\libm.a(lib_a-e_rem_pio2.o)
                0x080016f0                __ieee754_rem_pio2
 *fill*         0x08001b3c        0x4 
 .text.__kernel_cos
                0x08001b40      0x27c c:/gcc-arm-none-eabi-10.3-2021.07/bin/../lib/gcc/arm-none-eabi/10.3.1/../../../../arm-none-eabi/lib/thumb/v7e-m+fp/hard\libm.a(lib_a-k_cos.o)
                0x08001b40                __kernel_cos
 *fill*         0x08001dbc        0x4 
 .text.__kernel_rem_pio2
                0x08001dc0      0x850 c:/gcc-arm-none-eabi-10.3-2021.07/bin/../lib/gcc/arm-none-eabi/10.3.1/../../../../arm-none-eabi/lib/thumb/v7e-m+fp/hard\libm.a(lib_a-k_rem_pio2.o)
                0x08001dc0                __kernel_rem_pio2
 .text.__kernel_sin
                0x08002610      0x17c c:/gcc-arm-none-eabi-10.3-2021.07/bin/../lib/gcc/arm-none-eabi/10.3.1/../../../../arm-none-eabi/lib/thumb/v7e-m+fp/hard\libm.a(lib_a-k_sin.o)
                0x08002610                __kernel_sin
 .text.fabs     0x0800278c       0x14 c:/gcc-arm-none-eabi-10.3-2021.07/bin/../lib/gcc/arm-none-eabi/10.3.1/../../../../arm-none-eabi/lib/thumb/v7e-m+fp/hard\libm.a(lib_a-s_fabs.o)
                0x0800278c                fabs
 .text.floor    0x080027a0      0x108 c:/gcc-arm-none-eabi-10.3-2021.07/bin/../lib/gcc/arm-none-eabi/10.3.1/../../../../arm-none-eabi/lib/thumb/v7e-m+fp/hard\libm.a(lib_a-s_floor.o)
                0x080027a0                floor
 .text.scalbn   0x080028a8      0x124 c:/gcc-arm-none-eabi-10.3-2021.07/bin/../lib/gcc/arm-none-eabi/10.3.1/../../../../arm-none-eabi/lib/thumb/v7e-m+fp/hard\libm.a(lib_a-s_scalbn.o)
                0x080028a8                scalbn
 *(.glue_7)
 .glue_7        0x080029cc        0x0 linker stubs
 *(.glue_7t)
 .glue_7t       0x080029cc        0x0 linker stubs
 *(.eh_frame)
 .eh_frame      0x080029cc        0x0 c:/gcc-arm-none-eabi-10.3-2021.07/bin/../lib/gcc/arm-none-eabi/10.3.1/thumb/v7e-m+fp/hard/crtbegin.o
 *(.init)
 .init          0x080029cc        0x4 c:/gcc-arm-none-eabi-10.3-2021.07/bin/../lib/gcc/arm-none-eabi/10.3.1/thumb/v7e-m+fp/hard/crti.o
                0x080029cc                _init
 .init          0x080029d0        0x8 c:/gcc-arm-none-eabi-10.3-2021.07/bin/../lib/gcc/arm-none-eabi/10.3.1/thumb/v7e-m+fp/hard/crtn.o
 *(.fini)
 .fini          0x080029d8        0x4 c:/gcc-arm-none-eabi-10.3-2021.07/bin/../lib/gcc/arm-none-eabi/10.3.1/thumb/v7e-m+fp/hard/crti.o
                0x080029d8                _fini
 .fini          0x080029dc        0x8 c:/gcc-arm-none-eabi-10.3-2021.07/bin/../lib/gcc/arm-none-eabi/10.3.1/thumb/v7e-m+fp/hard/crtn.o
                0x080029e4                . = ALIGN (0x4)
                0x080029e4                _etext = .

.vfp11_veneer   0x080029e4        0x0
 .vfp11_veneer  0x080029e4        0x0 linker stubs

.v4_bx          0x080029e4        0x0
 .v4_bx         0x080029e4        0x0 linker stubs

.iplt           0x080029e4        0x0
 .iplt          0x080029e4        0x0 c:/gcc-arm-none-eabi-10.3-2021.07/bin/../lib/gcc/arm-none-eabi/10.3.1/thumb/v7e-m+fp/hard/crtbegin.o

.rodata         0x080029e8      0x210
                0x080029e8                . = ALIGN (0x4)
 *(.rodata)
 *(.rodata*)
 .rodata.sys_ahb_div_table.0
                0x080029e8       0x10 build/system_at32f413.o
 .rodata.adc_div_table.0
                0x080029f8        0x8 build/at32f413_crm.o
 .rodata.ahb_apb1_div_table.2
                0x08002a00        0x8 build/at32f413_crm.o
 .rodata.ahb_apb2_div_table.1
                0x08002a08        0x8 build/at32f413_crm.o
 .rodata.sclk_ahb_div_table.3
                0x08002a10       0x10 build/at32f413_crm.o
 .rodata.npio2_hw
                0x08002a20       0x80 c:/gcc-arm-none-eabi-10.3-2021.07/bin/../lib/gcc/arm-none-eabi/10.3.1/../../../../arm-none-eabi/lib/thumb/v7e-m+fp/hard\libm.a(lib_a-e_rem_pio2.o)
 .rodata.two_over_pi
                0x08002aa0      0x108 c:/gcc-arm-none-eabi-10.3-2021.07/bin/../lib/gcc/arm-none-eabi/10.3.1/../../../../arm-none-eabi/lib/thumb/v7e-m+fp/hard\libm.a(lib_a-e_rem_pio2.o)
 .rodata.PIo2   0x08002ba8       0x40 c:/gcc-arm-none-eabi-10.3-2021.07/bin/../lib/gcc/arm-none-eabi/10.3.1/../../../../arm-none-eabi/lib/thumb/v7e-m+fp/hard\libm.a(lib_a-k_rem_pio2.o)
 .rodata.init_jk
                0x08002be8       0x10 c:/gcc-arm-none-eabi-10.3-2021.07/bin/../lib/gcc/arm-none-eabi/10.3.1/../../../../arm-none-eabi/lib/thumb/v7e-m+fp/hard\libm.a(lib_a-k_rem_pio2.o)
                0x08002bf8                . = ALIGN (0x4)

.rel.dyn        0x08002bf8        0x0
 .rel.iplt      0x08002bf8        0x0 c:/gcc-arm-none-eabi-10.3-2021.07/bin/../lib/gcc/arm-none-eabi/10.3.1/thumb/v7e-m+fp/hard/crtbegin.o

.ARM.extab
 *(.ARM.extab* .gnu.linkonce.armextab.*)

.ARM            0x08002bf8        0x0
                0x08002bf8                __exidx_start = .
 *(.ARM.exidx*)
                0x08002bf8                __exidx_end = .

.preinit_array  0x08002bf8        0x0
                0x08002bf8                PROVIDE (__preinit_array_start = .)
 *(.preinit_array*)
                0x08002bf8                PROVIDE (__preinit_array_end = .)

.init_array     0x08002bf8        0x4
                0x08002bf8                PROVIDE (__init_array_start = .)
 *(SORT_BY_NAME(.init_array.*))
 *(.init_array*)
 .init_array    0x08002bf8        0x4 c:/gcc-arm-none-eabi-10.3-2021.07/bin/../lib/gcc/arm-none-eabi/10.3.1/thumb/v7e-m+fp/hard/crtbegin.o
                0x08002bfc                PROVIDE (__init_array_end = .)

.fini_array     0x08002bfc        0x4
                [!provide]                PROVIDE (__fini_array_start = .)
 *(SORT_BY_NAME(.fini_array.*))
 *(.fini_array*)
 .fini_array    0x08002bfc        0x4 c:/gcc-arm-none-eabi-10.3-2021.07/bin/../lib/gcc/arm-none-eabi/10.3.1/thumb/v7e-m+fp/hard/crtbegin.o
                [!provide]                PROVIDE (__fini_array_end = .)
                0x08002c00                _sidata = LOADADDR (.data)

.data           0x20000000       0x24 load address 0x08002c00
                0x20000000                . = ALIGN (0x4)
                0x20000000                _sdata = .
 *(.data)
 *(.data*)
 .data.led_gpio_crm_clk
                0x20000000        0xc build/at32f413_board.o
                0x20000000                led_gpio_crm_clk
 .data.led_gpio_pin
                0x2000000c        0x6 build/at32f413_board.o
                0x2000000c                led_gpio_pin
 *fill*         0x20000012        0x2 
 .data.led_gpio_port
                0x20000014        0xc build/at32f413_board.o
                0x20000014                led_gpio_port
 .data.system_core_clock
                0x20000020        0x4 build/system_at32f413.o
                0x20000020                system_core_clock
                0x20000024                . = ALIGN (0x4)
                0x20000024                _edata = .

.igot.plt       0x20000024        0x0 load address 0x08002c24
 .igot.plt      0x20000024        0x0 c:/gcc-arm-none-eabi-10.3-2021.07/bin/../lib/gcc/arm-none-eabi/10.3.1/thumb/v7e-m+fp/hard/crtbegin.o
                0x20000024                . = ALIGN (0x4)

.bss            0x20000024     0x1000 load address 0x08002c24
                0x20000024                _sbss = .
                0x20000024                __bss_start__ = _sbss
 *(.bss)
 .bss           0x20000024       0x1c c:/gcc-arm-none-eabi-10.3-2021.07/bin/../lib/gcc/arm-none-eabi/10.3.1/thumb/v7e-m+fp/hard/crtbegin.o
 *(.bss*)
 .bss.crm_clocks_freq_struct
                0x20000040       0x14 build/main.o
                0x20000040                crm_clocks_freq_struct
 .bss.dma_init_struct
                0x20000054       0x14 build/main.o
                0x20000054                dma_init_struct
 .bss.gpio_init_struct
                0x20000068        0x8 build/main.o
                0x20000068                gpio_init_struct
 .bss.src_buffer
                0x20000070      0xfa0 build/main.o
                0x20000070                src_buffer
 .bss.timer_period
                0x20001010        0x2 build/main.o
                0x20001010                timer_period
 *fill*         0x20001012        0x2 
 .bss.tmr_output_struct
                0x20001014        0x7 build/main.o
                0x20001014                tmr_output_struct
 *fill*         0x2000101b        0x1 
 .bss.fac_ms    0x2000101c        0x4 build/at32f413_board.o
 .bss.fac_us    0x20001020        0x4 build/at32f413_board.o
 *(COMMON)
                0x20001024                . = ALIGN (0x4)
                0x20001024                _ebss = .
                0x20001024                __bss_end__ = _ebss

._user_heap_stack
                0x20001024      0x604 load address 0x08002c24
                0x20001028                . = ALIGN (0x8)
 *fill*         0x20001024        0x4 
                [!provide]                PROVIDE (end = .)
                [!provide]                PROVIDE (_end = .)
                0x20001228                . = (. + _Min_Heap_Size)
 *fill*         0x20001028      0x200 
                0x20001628                . = (. + _Min_Stack_Size)
 *fill*         0x20001228      0x400 
                0x20001628                . = ALIGN (0x8)

/DISCARD/
 libc.a(*)
 libm.a(*)
 libgcc.a(*)

.ARM.attributes
                0x00000000       0x30
 *(.ARM.attributes)
 .ARM.attributes
                0x00000000       0x1e c:/gcc-arm-none-eabi-10.3-2021.07/bin/../lib/gcc/arm-none-eabi/10.3.1/thumb/v7e-m+fp/hard/crti.o
 .ARM.attributes
                0x0000001e       0x34 c:/gcc-arm-none-eabi-10.3-2021.07/bin/../lib/gcc/arm-none-eabi/10.3.1/thumb/v7e-m+fp/hard/crtbegin.o
 .ARM.attributes
                0x00000052       0x34 build/main.o
 .ARM.attributes
                0x00000086       0x34 build/at32f413_int.o
 .ARM.attributes
                0x000000ba       0x34 build/at32f413_clock.o
 .ARM.attributes
                0x000000ee       0x34 build/at32f413_board.o
 .ARM.attributes
                0x00000122       0x34 build/system_at32f413.o
 .ARM.attributes
                0x00000156       0x34 build/at32f413_crm.o
 .ARM.attributes
                0x0000018a       0x34 build/at32f413_dma.o
 .ARM.attributes
                0x000001be       0x34 build/at32f413_gpio.o
 .ARM.attributes
                0x000001f2       0x34 build/at32f413_misc.o
 .ARM.attributes
                0x00000226       0x34 build/at32f413_tmr.o
 .ARM.attributes
                0x0000025a       0x21 build/startup_at32f413.o
 .ARM.attributes
                0x0000027b       0x34 c:/gcc-arm-none-eabi-10.3-2021.07/bin/../lib/gcc/arm-none-eabi/10.3.1/../../../../arm-none-eabi/lib/thumb/v7e-m+fp/hard\libc_nano.a(lib_a-init.o)
 .ARM.attributes
                0x000002af       0x34 c:/gcc-arm-none-eabi-10.3-2021.07/bin/../lib/gcc/arm-none-eabi/10.3.1/../../../../arm-none-eabi/lib/thumb/v7e-m+fp/hard\libm.a(lib_a-s_sin.o)
 .ARM.attributes
                0x000002e3       0x34 c:/gcc-arm-none-eabi-10.3-2021.07/bin/../lib/gcc/arm-none-eabi/10.3.1/../../../../arm-none-eabi/lib/thumb/v7e-m+fp/hard\libm.a(lib_a-e_rem_pio2.o)
 .ARM.attributes
                0x00000317       0x34 c:/gcc-arm-none-eabi-10.3-2021.07/bin/../lib/gcc/arm-none-eabi/10.3.1/../../../../arm-none-eabi/lib/thumb/v7e-m+fp/hard\libm.a(lib_a-k_cos.o)
 .ARM.attributes
                0x0000034b       0x34 c:/gcc-arm-none-eabi-10.3-2021.07/bin/../lib/gcc/arm-none-eabi/10.3.1/../../../../arm-none-eabi/lib/thumb/v7e-m+fp/hard\libm.a(lib_a-k_rem_pio2.o)
 .ARM.attributes
                0x0000037f       0x34 c:/gcc-arm-none-eabi-10.3-2021.07/bin/../lib/gcc/arm-none-eabi/10.3.1/../../../../arm-none-eabi/lib/thumb/v7e-m+fp/hard\libm.a(lib_a-k_sin.o)
 .ARM.attributes
                0x000003b3       0x34 c:/gcc-arm-none-eabi-10.3-2021.07/bin/../lib/gcc/arm-none-eabi/10.3.1/../../../../arm-none-eabi/lib/thumb/v7e-m+fp/hard\libm.a(lib_a-s_fabs.o)
 .ARM.attributes
                0x000003e7       0x34 c:/gcc-arm-none-eabi-10.3-2021.07/bin/../lib/gcc/arm-none-eabi/10.3.1/../../../../arm-none-eabi/lib/thumb/v7e-m+fp/hard\libm.a(lib_a-s_floor.o)
 .ARM.attributes
                0x0000041b       0x34 c:/gcc-arm-none-eabi-10.3-2021.07/bin/../lib/gcc/arm-none-eabi/10.3.1/../../../../arm-none-eabi/lib/thumb/v7e-m+fp/hard\libm.a(lib_a-s_scalbn.o)
 .ARM.attributes
                0x0000044f       0x1e c:/gcc-arm-none-eabi-10.3-2021.07/bin/../lib/gcc/arm-none-eabi/10.3.1/thumb/v7e-m+fp/hard\libgcc.a(_arm_addsubdf3.o)
 .ARM.attributes
                0x0000046d       0x1e c:/gcc-arm-none-eabi-10.3-2021.07/bin/../lib/gcc/arm-none-eabi/10.3.1/thumb/v7e-m+fp/hard\libgcc.a(_arm_muldivdf3.o)
 .ARM.attributes
                0x0000048b       0x1e c:/gcc-arm-none-eabi-10.3-2021.07/bin/../lib/gcc/arm-none-eabi/10.3.1/thumb/v7e-m+fp/hard\libgcc.a(_arm_cmpdf2.o)
 .ARM.attributes
                0x000004a9       0x1e c:/gcc-arm-none-eabi-10.3-2021.07/bin/../lib/gcc/arm-none-eabi/10.3.1/thumb/v7e-m+fp/hard\libgcc.a(_arm_fixdfsi.o)
 .ARM.attributes
                0x000004c7       0x1e c:/gcc-arm-none-eabi-10.3-2021.07/bin/../lib/gcc/arm-none-eabi/10.3.1/thumb/v7e-m+fp/hard\libgcc.a(_arm_fixunsdfsi.o)
 .ARM.attributes
                0x000004e5       0x1e c:/gcc-arm-none-eabi-10.3-2021.07/bin/../lib/gcc/arm-none-eabi/10.3.1/thumb/v7e-m+fp/hard/crtn.o
OUTPUT(build/at32f413_template.elf elf32-littlearm)
LOAD linker stubs
LOAD c:/gcc-arm-none-eabi-10.3-2021.07/bin/../lib/gcc/arm-none-eabi/10.3.1/../../../../arm-none-eabi/lib/thumb/v7e-m+fp/hard\libc.a
LOAD c:/gcc-arm-none-eabi-10.3-2021.07/bin/../lib/gcc/arm-none-eabi/10.3.1/../../../../arm-none-eabi/lib/thumb/v7e-m+fp/hard\libm.a
LOAD c:/gcc-arm-none-eabi-10.3-2021.07/bin/../lib/gcc/arm-none-eabi/10.3.1/thumb/v7e-m+fp/hard\libgcc.a

.debug_info     0x00000000     0xe91f
 .debug_info    0x00000000     0x28c6 build/main.o
 .debug_info    0x000028c6      0x136 build/at32f413_int.o
 .debug_info    0x000029fc      0x57a build/at32f413_clock.o
 .debug_info    0x00002f76     0x1d7a build/at32f413_board.o
 .debug_info    0x00004cf0     0x15b6 build/system_at32f413.o
 .debug_info    0x000062a6     0x22d7 build/at32f413_crm.o
 .debug_info    0x0000857d      0xeca build/at32f413_dma.o
 .debug_info    0x00009447     0x1ed6 build/at32f413_gpio.o
 .debug_info    0x0000b31d      0xb2a build/at32f413_misc.o
 .debug_info    0x0000be47     0x2ab6 build/at32f413_tmr.o
 .debug_info    0x0000e8fd       0x22 build/startup_at32f413.o

.debug_abbrev   0x00000000     0x141c
 .debug_abbrev  0x00000000      0x1f1 build/main.o
 .debug_abbrev  0x000001f1       0x46 build/at32f413_int.o
 .debug_abbrev  0x00000237       0xfa build/at32f413_clock.o
 .debug_abbrev  0x00000331      0x32f build/at32f413_board.o
 .debug_abbrev  0x00000660      0x1bc build/system_at32f413.o
 .debug_abbrev  0x0000081c      0x299 build/at32f413_crm.o
 .debug_abbrev  0x00000ab5      0x231 build/at32f413_dma.o
 .debug_abbrev  0x00000ce6      0x272 build/at32f413_gpio.o
 .debug_abbrev  0x00000f58      0x266 build/at32f413_misc.o
 .debug_abbrev  0x000011be      0x24c build/at32f413_tmr.o
 .debug_abbrev  0x0000140a       0x12 build/startup_at32f413.o

.debug_loc      0x00000000     0x2356
 .debug_loc     0x00000000       0x43 build/main.o
 .debug_loc     0x00000043       0x43 build/at32f413_clock.o
 .debug_loc     0x00000086      0x3f3 build/at32f413_board.o
 .debug_loc     0x00000479      0x151 build/system_at32f413.o
 .debug_loc     0x000005ca      0x62c build/at32f413_crm.o
 .debug_loc     0x00000bf6      0x235 build/at32f413_dma.o
 .debug_loc     0x00000e2b      0x5ee build/at32f413_gpio.o
 .debug_loc     0x00001419      0x3bb build/at32f413_misc.o
 .debug_loc     0x000017d4      0xb82 build/at32f413_tmr.o

.debug_aranges  0x00000000      0x5d0
 .debug_aranges
                0x00000000       0x20 build/main.o
 .debug_aranges
                0x00000020       0x60 build/at32f413_int.o
 .debug_aranges
                0x00000080       0x20 build/at32f413_clock.o
 .debug_aranges
                0x000000a0       0x90 build/at32f413_board.o
 .debug_aranges
                0x00000130       0x28 build/system_at32f413.o
 .debug_aranges
                0x00000158      0x128 build/at32f413_crm.o
 .debug_aranges
                0x00000280       0x68 build/at32f413_dma.o
 .debug_aranges
                0x000002e8       0xa0 build/at32f413_gpio.o
 .debug_aranges
                0x00000388       0x50 build/at32f413_misc.o
 .debug_aranges
                0x000003d8      0x1d0 build/at32f413_tmr.o
 .debug_aranges
                0x000005a8       0x28 build/startup_at32f413.o

.debug_ranges   0x00000000      0x570
 .debug_ranges  0x00000000       0x10 build/main.o
 .debug_ranges  0x00000010       0x50 build/at32f413_int.o
 .debug_ranges  0x00000060       0x10 build/at32f413_clock.o
 .debug_ranges  0x00000070       0x98 build/at32f413_board.o
 .debug_ranges  0x00000108       0x18 build/system_at32f413.o
 .debug_ranges  0x00000120      0x118 build/at32f413_crm.o
 .debug_ranges  0x00000238       0x58 build/at32f413_dma.o
 .debug_ranges  0x00000290       0x90 build/at32f413_gpio.o
 .debug_ranges  0x00000320       0x70 build/at32f413_misc.o
 .debug_ranges  0x00000390      0x1c0 build/at32f413_tmr.o
 .debug_ranges  0x00000550       0x20 build/startup_at32f413.o

.debug_line     0x00000000     0x35a3
 .debug_line    0x00000000      0x346 build/main.o
 .debug_line    0x00000346      0x12e build/at32f413_int.o
 .debug_line    0x00000474      0x204 build/at32f413_clock.o
 .debug_line    0x00000678      0x636 build/at32f413_board.o
 .debug_line    0x00000cae      0x30a build/system_at32f413.o
 .debug_line    0x00000fb8      0x878 build/at32f413_crm.o
 .debug_line    0x00001830      0x44b build/at32f413_dma.o
 .debug_line    0x00001c7b      0x5ee build/at32f413_gpio.o
 .debug_line    0x00002269      0x3df build/at32f413_misc.o
 .debug_line    0x00002648      0xebc build/at32f413_tmr.o
 .debug_line    0x00003504       0x9f build/startup_at32f413.o

.debug_str      0x00000000     0x5b3e
 .debug_str     0x00000000     0x15aa build/main.o
                               0x163e (size before relaxing)
 .debug_str     0x000015aa       0xad build/at32f413_int.o
                                0x1ff (size before relaxing)
 .debug_str     0x00001657      0x72a build/at32f413_clock.o
                                0x8b5 (size before relaxing)
 .debug_str     0x00001d81      0x3f2 build/at32f413_board.o
                                0xf91 (size before relaxing)
 .debug_str     0x00002173      0x66f build/system_at32f413.o
                                0xa3b (size before relaxing)
 .debug_str     0x000027e2      0xaeb build/at32f413_crm.o
                               0x1d76 (size before relaxing)
 .debug_str     0x000032cd      0x7f1 build/at32f413_dma.o
                                0xd00 (size before relaxing)
 .debug_str     0x00003abe      0x706 build/at32f413_gpio.o
                               0x10d9 (size before relaxing)
 .debug_str     0x000041c4      0x79f build/at32f413_misc.o
                                0xa38 (size before relaxing)
 .debug_str     0x00004963     0x1189 build/at32f413_tmr.o
                               0x1ee2 (size before relaxing)
 .debug_str     0x00005aec       0x52 build/startup_at32f413.o
                                 0x7b (size before relaxing)

.comment        0x00000000       0x49
 .comment       0x00000000       0x49 build/main.o
                                 0x4a (size before relaxing)
 .comment       0x00000049       0x4a build/at32f413_int.o
 .comment       0x00000049       0x4a build/at32f413_clock.o
 .comment       0x00000049       0x4a build/at32f413_board.o
 .comment       0x00000049       0x4a build/system_at32f413.o
 .comment       0x00000049       0x4a build/at32f413_crm.o
 .comment       0x00000049       0x4a build/at32f413_dma.o
 .comment       0x00000049       0x4a build/at32f413_gpio.o
 .comment       0x00000049       0x4a build/at32f413_misc.o
 .comment       0x00000049       0x4a build/at32f413_tmr.o

.debug_frame    0x00000000      0xfcc
 .debug_frame   0x00000000       0x34 build/main.o
 .debug_frame   0x00000034       0xa0 build/at32f413_int.o
 .debug_frame   0x000000d4       0x28 build/at32f413_clock.o
 .debug_frame   0x000000fc      0x174 build/at32f413_board.o
 .debug_frame   0x00000270       0x38 build/system_at32f413.o
 .debug_frame   0x000002a8      0x250 build/at32f413_crm.o
 .debug_frame   0x000004f8       0xbc build/at32f413_dma.o
 .debug_frame   0x000005b4      0x150 build/at32f413_gpio.o
 .debug_frame   0x00000704       0x88 build/at32f413_misc.o
 .debug_frame   0x0000078c      0x3c8 build/at32f413_tmr.o
 .debug_frame   0x00000b54       0x2c c:/gcc-arm-none-eabi-10.3-2021.07/bin/../lib/gcc/arm-none-eabi/10.3.1/../../../../arm-none-eabi/lib/thumb/v7e-m+fp/hard\libc_nano.a(lib_a-init.o)
 .debug_frame   0x00000b80       0x3c c:/gcc-arm-none-eabi-10.3-2021.07/bin/../lib/gcc/arm-none-eabi/10.3.1/../../../../arm-none-eabi/lib/thumb/v7e-m+fp/hard\libm.a(lib_a-s_sin.o)
 .debug_frame   0x00000bbc       0x7c c:/gcc-arm-none-eabi-10.3-2021.07/bin/../lib/gcc/arm-none-eabi/10.3.1/../../../../arm-none-eabi/lib/thumb/v7e-m+fp/hard\libm.a(lib_a-e_rem_pio2.o)
 .debug_frame   0x00000c38       0x70 c:/gcc-arm-none-eabi-10.3-2021.07/bin/../lib/gcc/arm-none-eabi/10.3.1/../../../../arm-none-eabi/lib/thumb/v7e-m+fp/hard\libm.a(lib_a-k_cos.o)
 .debug_frame   0x00000ca8       0x58 c:/gcc-arm-none-eabi-10.3-2021.07/bin/../lib/gcc/arm-none-eabi/10.3.1/../../../../arm-none-eabi/lib/thumb/v7e-m+fp/hard\libm.a(lib_a-k_rem_pio2.o)
 .debug_frame   0x00000d00       0x48 c:/gcc-arm-none-eabi-10.3-2021.07/bin/../lib/gcc/arm-none-eabi/10.3.1/../../../../arm-none-eabi/lib/thumb/v7e-m+fp/hard\libm.a(lib_a-k_sin.o)
 .debug_frame   0x00000d48       0x20 c:/gcc-arm-none-eabi-10.3-2021.07/bin/../lib/gcc/arm-none-eabi/10.3.1/../../../../arm-none-eabi/lib/thumb/v7e-m+fp/hard\libm.a(lib_a-s_fabs.o)
 .debug_frame   0x00000d68       0x30 c:/gcc-arm-none-eabi-10.3-2021.07/bin/../lib/gcc/arm-none-eabi/10.3.1/../../../../arm-none-eabi/lib/thumb/v7e-m+fp/hard\libm.a(lib_a-s_floor.o)
 .debug_frame   0x00000d98       0x2c c:/gcc-arm-none-eabi-10.3-2021.07/bin/../lib/gcc/arm-none-eabi/10.3.1/../../../../arm-none-eabi/lib/thumb/v7e-m+fp/hard\libm.a(lib_a-s_scalbn.o)
 .debug_frame   0x00000dc4       0xac c:/gcc-arm-none-eabi-10.3-2021.07/bin/../lib/gcc/arm-none-eabi/10.3.1/thumb/v7e-m+fp/hard\libgcc.a(_arm_addsubdf3.o)
 .debug_frame   0x00000e70       0x50 c:/gcc-arm-none-eabi-10.3-2021.07/bin/../lib/gcc/arm-none-eabi/10.3.1/thumb/v7e-m+fp/hard\libgcc.a(_arm_muldivdf3.o)
 .debug_frame   0x00000ec0       0xc4 c:/gcc-arm-none-eabi-10.3-2021.07/bin/../lib/gcc/arm-none-eabi/10.3.1/thumb/v7e-m+fp/hard\libgcc.a(_arm_cmpdf2.o)
 .debug_frame   0x00000f84       0x24 c:/gcc-arm-none-eabi-10.3-2021.07/bin/../lib/gcc/arm-none-eabi/10.3.1/thumb/v7e-m+fp/hard\libgcc.a(_arm_fixdfsi.o)
 .debug_frame   0x00000fa8       0x24 c:/gcc-arm-none-eabi-10.3-2021.07/bin/../lib/gcc/arm-none-eabi/10.3.1/thumb/v7e-m+fp/hard\libgcc.a(_arm_fixunsdfsi.o)

Cross Reference Table

Symbol                                            File
ACC_IRQHandler                                    build/startup_at32f413.o
ADC1_2_IRQHandler                                 build/startup_at32f413.o
BusFault_Handler                                  build/at32f413_int.o
CAN1_RX1_IRQHandler                               build/startup_at32f413.o
CAN1_SE_IRQHandler                                build/startup_at32f413.o
CAN2_RX0_IRQHandler                               build/startup_at32f413.o
CAN2_RX1_IRQHandler                               build/startup_at32f413.o
CAN2_SE_IRQHandler                                build/startup_at32f413.o
CAN2_TX_IRQHandler                                build/startup_at32f413.o
CRM_IRQHandler                                    build/startup_at32f413.o
DMA1_Channel1_IRQHandler                          build/startup_at32f413.o
DMA1_Channel2_IRQHandler                          build/startup_at32f413.o
DMA1_Channel3_IRQHandler                          build/startup_at32f413.o
DMA1_Channel4_IRQHandler                          build/startup_at32f413.o
DMA1_Channel5_IRQHandler                          build/startup_at32f413.o
DMA1_Channel6_IRQHandler                          build/startup_at32f413.o
DMA1_Channel7_IRQHandler                          build/startup_at32f413.o
DMA2_Channel1_IRQHandler                          build/startup_at32f413.o
DMA2_Channel2_IRQHandler                          build/startup_at32f413.o
DMA2_Channel3_IRQHandler                          build/startup_at32f413.o
DMA2_Channel4_5_IRQHandler                        build/startup_at32f413.o
DMA2_Channel6_7_IRQHandler                        build/startup_at32f413.o
DebugMon_Handler                                  build/at32f413_int.o
Default_Handler                                   build/startup_at32f413.o
EXINT0_IRQHandler                                 build/startup_at32f413.o
EXINT15_10_IRQHandler                             build/startup_at32f413.o
EXINT1_IRQHandler                                 build/startup_at32f413.o
EXINT2_IRQHandler                                 build/startup_at32f413.o
EXINT3_IRQHandler                                 build/startup_at32f413.o
EXINT4_IRQHandler                                 build/startup_at32f413.o
EXINT9_5_IRQHandler                               build/startup_at32f413.o
FLASH_IRQHandler                                  build/startup_at32f413.o
HardFault_Handler                                 build/at32f413_int.o
I2C1_ERR_IRQHandler                               build/startup_at32f413.o
I2C1_EVT_IRQHandler                               build/startup_at32f413.o
I2C2_ERR_IRQHandler                               build/startup_at32f413.o
I2C2_EVT_IRQHandler                               build/startup_at32f413.o
MemManage_Handler                                 build/at32f413_int.o
NMI_Handler                                       build/at32f413_int.o
PVM_IRQHandler                                    build/startup_at32f413.o
PendSV_Handler                                    build/at32f413_int.o
RTCAlarm_IRQHandler                               build/startup_at32f413.o
RTC_IRQHandler                                    build/startup_at32f413.o
Reset_Handler                                     build/startup_at32f413.o
SDIO1_IRQHandler                                  build/startup_at32f413.o
SPI1_IRQHandler                                   build/startup_at32f413.o
SPI2_IRQHandler                                   build/startup_at32f413.o
SVC_Handler                                       build/at32f413_int.o
SysTick_Handler                                   build/at32f413_int.o
SystemInit                                        build/system_at32f413.o
                                                  build/startup_at32f413.o
TAMPER_IRQHandler                                 build/startup_at32f413.o
TMR1_BRK_TMR9_IRQHandler                          build/startup_at32f413.o
TMR1_CH_IRQHandler                                build/startup_at32f413.o
TMR1_OVF_TMR10_IRQHandler                         build/startup_at32f413.o
TMR1_TRG_HALL_TMR11_IRQHandler                    build/startup_at32f413.o
TMR2_GLOBAL_IRQHandler                            build/startup_at32f413.o
TMR3_GLOBAL_IRQHandler                            build/startup_at32f413.o
TMR4_GLOBAL_IRQHandler                            build/startup_at32f413.o
TMR5_GLOBAL_IRQHandler                            build/startup_at32f413.o
TMR8_BRK_IRQHandler                               build/startup_at32f413.o
TMR8_CH_IRQHandler                                build/startup_at32f413.o
TMR8_OVF_IRQHandler                               build/startup_at32f413.o
TMR8_TRG_HALL_IRQHandler                          build/startup_at32f413.o
UART4_IRQHandler                                  build/startup_at32f413.o
UART5_IRQHandler                                  build/startup_at32f413.o
USART1_IRQHandler                                 build/startup_at32f413.o
USART2_IRQHandler                                 build/startup_at32f413.o
USART3_IRQHandler                                 build/startup_at32f413.o
USBFSWakeUp_IRQHandler                            build/startup_at32f413.o
USBFS_H_CAN1_TX_IRQHandler                        build/startup_at32f413.o
USBFS_L_CAN1_RX0_IRQHandler                       build/startup_at32f413.o
USBFS_MAPH_IRQHandler                             build/startup_at32f413.o
USBFS_MAPL_IRQHandler                             build/startup_at32f413.o
UsageFault_Handler                                build/at32f413_int.o
WWDT_IRQHandler                                   build/startup_at32f413.o
__adddf3                                          c:/gcc-arm-none-eabi-10.3-2021.07/bin/../lib/gcc/arm-none-eabi/10.3.1/thumb/v7e-m+fp/hard\libgcc.a(_arm_addsubdf3.o)
__aeabi_cdcmpeq                                   c:/gcc-arm-none-eabi-10.3-2021.07/bin/../lib/gcc/arm-none-eabi/10.3.1/thumb/v7e-m+fp/hard\libgcc.a(_arm_cmpdf2.o)
__aeabi_cdcmple                                   c:/gcc-arm-none-eabi-10.3-2021.07/bin/../lib/gcc/arm-none-eabi/10.3.1/thumb/v7e-m+fp/hard\libgcc.a(_arm_cmpdf2.o)
__aeabi_cdrcmple                                  c:/gcc-arm-none-eabi-10.3-2021.07/bin/../lib/gcc/arm-none-eabi/10.3.1/thumb/v7e-m+fp/hard\libgcc.a(_arm_cmpdf2.o)
__aeabi_d2iz                                      c:/gcc-arm-none-eabi-10.3-2021.07/bin/../lib/gcc/arm-none-eabi/10.3.1/thumb/v7e-m+fp/hard\libgcc.a(_arm_fixdfsi.o)
                                                  c:/gcc-arm-none-eabi-10.3-2021.07/bin/../lib/gcc/arm-none-eabi/10.3.1/../../../../arm-none-eabi/lib/thumb/v7e-m+fp/hard\libm.a(lib_a-k_sin.o)
                                                  c:/gcc-arm-none-eabi-10.3-2021.07/bin/../lib/gcc/arm-none-eabi/10.3.1/../../../../arm-none-eabi/lib/thumb/v7e-m+fp/hard\libm.a(lib_a-k_rem_pio2.o)
                                                  c:/gcc-arm-none-eabi-10.3-2021.07/bin/../lib/gcc/arm-none-eabi/10.3.1/../../../../arm-none-eabi/lib/thumb/v7e-m+fp/hard\libm.a(lib_a-k_cos.o)
                                                  c:/gcc-arm-none-eabi-10.3-2021.07/bin/../lib/gcc/arm-none-eabi/10.3.1/../../../../arm-none-eabi/lib/thumb/v7e-m+fp/hard\libm.a(lib_a-e_rem_pio2.o)
__aeabi_d2uiz                                     c:/gcc-arm-none-eabi-10.3-2021.07/bin/../lib/gcc/arm-none-eabi/10.3.1/thumb/v7e-m+fp/hard\libgcc.a(_arm_fixunsdfsi.o)
                                                  build/main.o
__aeabi_dadd                                      c:/gcc-arm-none-eabi-10.3-2021.07/bin/../lib/gcc/arm-none-eabi/10.3.1/thumb/v7e-m+fp/hard\libgcc.a(_arm_addsubdf3.o)
                                                  c:/gcc-arm-none-eabi-10.3-2021.07/bin/../lib/gcc/arm-none-eabi/10.3.1/../../../../arm-none-eabi/lib/thumb/v7e-m+fp/hard\libm.a(lib_a-s_scalbn.o)
                                                  c:/gcc-arm-none-eabi-10.3-2021.07/bin/../lib/gcc/arm-none-eabi/10.3.1/../../../../arm-none-eabi/lib/thumb/v7e-m+fp/hard\libm.a(lib_a-s_floor.o)
                                                  c:/gcc-arm-none-eabi-10.3-2021.07/bin/../lib/gcc/arm-none-eabi/10.3.1/../../../../arm-none-eabi/lib/thumb/v7e-m+fp/hard\libm.a(lib_a-k_sin.o)
                                                  c:/gcc-arm-none-eabi-10.3-2021.07/bin/../lib/gcc/arm-none-eabi/10.3.1/../../../../arm-none-eabi/lib/thumb/v7e-m+fp/hard\libm.a(lib_a-k_rem_pio2.o)
                                                  c:/gcc-arm-none-eabi-10.3-2021.07/bin/../lib/gcc/arm-none-eabi/10.3.1/../../../../arm-none-eabi/lib/thumb/v7e-m+fp/hard\libm.a(lib_a-k_cos.o)
                                                  c:/gcc-arm-none-eabi-10.3-2021.07/bin/../lib/gcc/arm-none-eabi/10.3.1/../../../../arm-none-eabi/lib/thumb/v7e-m+fp/hard\libm.a(lib_a-e_rem_pio2.o)
                                                  build/main.o
__aeabi_dcmpeq                                    c:/gcc-arm-none-eabi-10.3-2021.07/bin/../lib/gcc/arm-none-eabi/10.3.1/thumb/v7e-m+fp/hard\libgcc.a(_arm_cmpdf2.o)
                                                  c:/gcc-arm-none-eabi-10.3-2021.07/bin/../lib/gcc/arm-none-eabi/10.3.1/../../../../arm-none-eabi/lib/thumb/v7e-m+fp/hard\libm.a(lib_a-k_rem_pio2.o)
                                                  c:/gcc-arm-none-eabi-10.3-2021.07/bin/../lib/gcc/arm-none-eabi/10.3.1/../../../../arm-none-eabi/lib/thumb/v7e-m+fp/hard\libm.a(lib_a-e_rem_pio2.o)
__aeabi_dcmpge                                    c:/gcc-arm-none-eabi-10.3-2021.07/bin/../lib/gcc/arm-none-eabi/10.3.1/thumb/v7e-m+fp/hard\libgcc.a(_arm_cmpdf2.o)
                                                  c:/gcc-arm-none-eabi-10.3-2021.07/bin/../lib/gcc/arm-none-eabi/10.3.1/../../../../arm-none-eabi/lib/thumb/v7e-m+fp/hard\libm.a(lib_a-k_rem_pio2.o)
__aeabi_dcmpgt                                    c:/gcc-arm-none-eabi-10.3-2021.07/bin/../lib/gcc/arm-none-eabi/10.3.1/thumb/v7e-m+fp/hard\libgcc.a(_arm_cmpdf2.o)
                                                  c:/gcc-arm-none-eabi-10.3-2021.07/bin/../lib/gcc/arm-none-eabi/10.3.1/../../../../arm-none-eabi/lib/thumb/v7e-m+fp/hard\libm.a(lib_a-s_floor.o)
__aeabi_dcmple                                    c:/gcc-arm-none-eabi-10.3-2021.07/bin/../lib/gcc/arm-none-eabi/10.3.1/thumb/v7e-m+fp/hard\libgcc.a(_arm_cmpdf2.o)
__aeabi_dcmplt                                    c:/gcc-arm-none-eabi-10.3-2021.07/bin/../lib/gcc/arm-none-eabi/10.3.1/thumb/v7e-m+fp/hard\libgcc.a(_arm_cmpdf2.o)
__aeabi_ddiv                                      c:/gcc-arm-none-eabi-10.3-2021.07/bin/../lib/gcc/arm-none-eabi/10.3.1/thumb/v7e-m+fp/hard\libgcc.a(_arm_muldivdf3.o)
                                                  build/main.o
__aeabi_dmul                                      c:/gcc-arm-none-eabi-10.3-2021.07/bin/../lib/gcc/arm-none-eabi/10.3.1/thumb/v7e-m+fp/hard\libgcc.a(_arm_muldivdf3.o)
                                                  c:/gcc-arm-none-eabi-10.3-2021.07/bin/../lib/gcc/arm-none-eabi/10.3.1/thumb/v7e-m+fp/hard\libgcc.a(_arm_muldf3.o)
                                                  c:/gcc-arm-none-eabi-10.3-2021.07/bin/../lib/gcc/arm-none-eabi/10.3.1/../../../../arm-none-eabi/lib/thumb/v7e-m+fp/hard\libm.a(lib_a-s_scalbn.o)
                                                  c:/gcc-arm-none-eabi-10.3-2021.07/bin/../lib/gcc/arm-none-eabi/10.3.1/../../../../arm-none-eabi/lib/thumb/v7e-m+fp/hard\libm.a(lib_a-k_sin.o)
                                                  c:/gcc-arm-none-eabi-10.3-2021.07/bin/../lib/gcc/arm-none-eabi/10.3.1/../../../../arm-none-eabi/lib/thumb/v7e-m+fp/hard\libm.a(lib_a-k_rem_pio2.o)
                                                  c:/gcc-arm-none-eabi-10.3-2021.07/bin/../lib/gcc/arm-none-eabi/10.3.1/../../../../arm-none-eabi/lib/thumb/v7e-m+fp/hard\libm.a(lib_a-k_cos.o)
                                                  c:/gcc-arm-none-eabi-10.3-2021.07/bin/../lib/gcc/arm-none-eabi/10.3.1/../../../../arm-none-eabi/lib/thumb/v7e-m+fp/hard\libm.a(lib_a-e_rem_pio2.o)
                                                  build/main.o
__aeabi_drsub                                     c:/gcc-arm-none-eabi-10.3-2021.07/bin/../lib/gcc/arm-none-eabi/10.3.1/thumb/v7e-m+fp/hard\libgcc.a(_arm_addsubdf3.o)
__aeabi_dsub                                      c:/gcc-arm-none-eabi-10.3-2021.07/bin/../lib/gcc/arm-none-eabi/10.3.1/thumb/v7e-m+fp/hard\libgcc.a(_arm_addsubdf3.o)
                                                  c:/gcc-arm-none-eabi-10.3-2021.07/bin/../lib/gcc/arm-none-eabi/10.3.1/../../../../arm-none-eabi/lib/thumb/v7e-m+fp/hard\libm.a(lib_a-k_sin.o)
                                                  c:/gcc-arm-none-eabi-10.3-2021.07/bin/../lib/gcc/arm-none-eabi/10.3.1/../../../../arm-none-eabi/lib/thumb/v7e-m+fp/hard\libm.a(lib_a-k_rem_pio2.o)
                                                  c:/gcc-arm-none-eabi-10.3-2021.07/bin/../lib/gcc/arm-none-eabi/10.3.1/../../../../arm-none-eabi/lib/thumb/v7e-m+fp/hard\libm.a(lib_a-k_cos.o)
                                                  c:/gcc-arm-none-eabi-10.3-2021.07/bin/../lib/gcc/arm-none-eabi/10.3.1/../../../../arm-none-eabi/lib/thumb/v7e-m+fp/hard\libm.a(lib_a-e_rem_pio2.o)
                                                  c:/gcc-arm-none-eabi-10.3-2021.07/bin/../lib/gcc/arm-none-eabi/10.3.1/../../../../arm-none-eabi/lib/thumb/v7e-m+fp/hard\libm.a(lib_a-s_sin.o)
__aeabi_f2d                                       c:/gcc-arm-none-eabi-10.3-2021.07/bin/../lib/gcc/arm-none-eabi/10.3.1/thumb/v7e-m+fp/hard\libgcc.a(_arm_addsubdf3.o)
__aeabi_i2d                                       c:/gcc-arm-none-eabi-10.3-2021.07/bin/../lib/gcc/arm-none-eabi/10.3.1/thumb/v7e-m+fp/hard\libgcc.a(_arm_addsubdf3.o)
                                                  c:/gcc-arm-none-eabi-10.3-2021.07/bin/../lib/gcc/arm-none-eabi/10.3.1/../../../../arm-none-eabi/lib/thumb/v7e-m+fp/hard\libm.a(lib_a-k_rem_pio2.o)
                                                  c:/gcc-arm-none-eabi-10.3-2021.07/bin/../lib/gcc/arm-none-eabi/10.3.1/../../../../arm-none-eabi/lib/thumb/v7e-m+fp/hard\libm.a(lib_a-e_rem_pio2.o)
                                                  build/main.o
__aeabi_l2d                                       c:/gcc-arm-none-eabi-10.3-2021.07/bin/../lib/gcc/arm-none-eabi/10.3.1/thumb/v7e-m+fp/hard\libgcc.a(_arm_addsubdf3.o)
__aeabi_ui2d                                      c:/gcc-arm-none-eabi-10.3-2021.07/bin/../lib/gcc/arm-none-eabi/10.3.1/thumb/v7e-m+fp/hard\libgcc.a(_arm_addsubdf3.o)
__aeabi_ul2d                                      c:/gcc-arm-none-eabi-10.3-2021.07/bin/../lib/gcc/arm-none-eabi/10.3.1/thumb/v7e-m+fp/hard\libgcc.a(_arm_addsubdf3.o)
__bss_end__                                       c:/gcc-arm-none-eabi-10.3-2021.07/bin/../lib/gcc/arm-none-eabi/10.3.1/../../../../arm-none-eabi/lib/thumb/v7e-m+fp/hard/crt0.o
__bss_start__                                     c:/gcc-arm-none-eabi-10.3-2021.07/bin/../lib/gcc/arm-none-eabi/10.3.1/../../../../arm-none-eabi/lib/thumb/v7e-m+fp/hard/crt0.o
__call_exitprocs                                  c:/gcc-arm-none-eabi-10.3-2021.07/bin/../lib/gcc/arm-none-eabi/10.3.1/../../../../arm-none-eabi/lib/thumb/v7e-m+fp/hard\libc_nano.a(lib_a-exit.o)
__cmpdf2                                          c:/gcc-arm-none-eabi-10.3-2021.07/bin/../lib/gcc/arm-none-eabi/10.3.1/thumb/v7e-m+fp/hard\libgcc.a(_arm_cmpdf2.o)
__deregister_frame_info                           c:/gcc-arm-none-eabi-10.3-2021.07/bin/../lib/gcc/arm-none-eabi/10.3.1/thumb/v7e-m+fp/hard/crtbegin.o
__divdf3                                          c:/gcc-arm-none-eabi-10.3-2021.07/bin/../lib/gcc/arm-none-eabi/10.3.1/thumb/v7e-m+fp/hard\libgcc.a(_arm_muldivdf3.o)
__dso_handle                                      c:/gcc-arm-none-eabi-10.3-2021.07/bin/../lib/gcc/arm-none-eabi/10.3.1/thumb/v7e-m+fp/hard/crtbegin.o
__eqdf2                                           c:/gcc-arm-none-eabi-10.3-2021.07/bin/../lib/gcc/arm-none-eabi/10.3.1/thumb/v7e-m+fp/hard\libgcc.a(_arm_cmpdf2.o)
__extendsfdf2                                     c:/gcc-arm-none-eabi-10.3-2021.07/bin/../lib/gcc/arm-none-eabi/10.3.1/thumb/v7e-m+fp/hard\libgcc.a(_arm_addsubdf3.o)
__fixdfsi                                         c:/gcc-arm-none-eabi-10.3-2021.07/bin/../lib/gcc/arm-none-eabi/10.3.1/thumb/v7e-m+fp/hard\libgcc.a(_arm_fixdfsi.o)
__fixunsdfsi                                      c:/gcc-arm-none-eabi-10.3-2021.07/bin/../lib/gcc/arm-none-eabi/10.3.1/thumb/v7e-m+fp/hard\libgcc.a(_arm_fixunsdfsi.o)
__floatdidf                                       c:/gcc-arm-none-eabi-10.3-2021.07/bin/../lib/gcc/arm-none-eabi/10.3.1/thumb/v7e-m+fp/hard\libgcc.a(_arm_addsubdf3.o)
__floatsidf                                       c:/gcc-arm-none-eabi-10.3-2021.07/bin/../lib/gcc/arm-none-eabi/10.3.1/thumb/v7e-m+fp/hard\libgcc.a(_arm_addsubdf3.o)
__floatundidf                                     c:/gcc-arm-none-eabi-10.3-2021.07/bin/../lib/gcc/arm-none-eabi/10.3.1/thumb/v7e-m+fp/hard\libgcc.a(_arm_addsubdf3.o)
__floatunsidf                                     c:/gcc-arm-none-eabi-10.3-2021.07/bin/../lib/gcc/arm-none-eabi/10.3.1/thumb/v7e-m+fp/hard\libgcc.a(_arm_addsubdf3.o)
__gedf2                                           c:/gcc-arm-none-eabi-10.3-2021.07/bin/../lib/gcc/arm-none-eabi/10.3.1/thumb/v7e-m+fp/hard\libgcc.a(_arm_cmpdf2.o)
__gtdf2                                           c:/gcc-arm-none-eabi-10.3-2021.07/bin/../lib/gcc/arm-none-eabi/10.3.1/thumb/v7e-m+fp/hard\libgcc.a(_arm_cmpdf2.o)
__ieee754_rem_pio2                                c:/gcc-arm-none-eabi-10.3-2021.07/bin/../lib/gcc/arm-none-eabi/10.3.1/../../../../arm-none-eabi/lib/thumb/v7e-m+fp/hard\libm.a(lib_a-e_rem_pio2.o)
                                                  c:/gcc-arm-none-eabi-10.3-2021.07/bin/../lib/gcc/arm-none-eabi/10.3.1/../../../../arm-none-eabi/lib/thumb/v7e-m+fp/hard\libm.a(lib_a-s_sin.o)
__init_array_end                                  c:/gcc-arm-none-eabi-10.3-2021.07/bin/../lib/gcc/arm-none-eabi/10.3.1/../../../../arm-none-eabi/lib/thumb/v7e-m+fp/hard\libc_nano.a(lib_a-init.o)
__init_array_start                                c:/gcc-arm-none-eabi-10.3-2021.07/bin/../lib/gcc/arm-none-eabi/10.3.1/../../../../arm-none-eabi/lib/thumb/v7e-m+fp/hard\libc_nano.a(lib_a-init.o)
__io_putchar                                      build/at32f413_board.o
__kernel_cos                                      c:/gcc-arm-none-eabi-10.3-2021.07/bin/../lib/gcc/arm-none-eabi/10.3.1/../../../../arm-none-eabi/lib/thumb/v7e-m+fp/hard\libm.a(lib_a-k_cos.o)
                                                  c:/gcc-arm-none-eabi-10.3-2021.07/bin/../lib/gcc/arm-none-eabi/10.3.1/../../../../arm-none-eabi/lib/thumb/v7e-m+fp/hard\libm.a(lib_a-s_sin.o)
__kernel_rem_pio2                                 c:/gcc-arm-none-eabi-10.3-2021.07/bin/../lib/gcc/arm-none-eabi/10.3.1/../../../../arm-none-eabi/lib/thumb/v7e-m+fp/hard\libm.a(lib_a-k_rem_pio2.o)
                                                  c:/gcc-arm-none-eabi-10.3-2021.07/bin/../lib/gcc/arm-none-eabi/10.3.1/../../../../arm-none-eabi/lib/thumb/v7e-m+fp/hard\libm.a(lib_a-e_rem_pio2.o)
__kernel_sin                                      c:/gcc-arm-none-eabi-10.3-2021.07/bin/../lib/gcc/arm-none-eabi/10.3.1/../../../../arm-none-eabi/lib/thumb/v7e-m+fp/hard\libm.a(lib_a-k_sin.o)
                                                  c:/gcc-arm-none-eabi-10.3-2021.07/bin/../lib/gcc/arm-none-eabi/10.3.1/../../../../arm-none-eabi/lib/thumb/v7e-m+fp/hard\libm.a(lib_a-s_sin.o)
__ledf2                                           c:/gcc-arm-none-eabi-10.3-2021.07/bin/../lib/gcc/arm-none-eabi/10.3.1/thumb/v7e-m+fp/hard\libgcc.a(_arm_cmpdf2.o)
__libc_fini_array                                 c:/gcc-arm-none-eabi-10.3-2021.07/bin/../lib/gcc/arm-none-eabi/10.3.1/../../../../arm-none-eabi/lib/thumb/v7e-m+fp/hard/crt0.o
__libc_init_array                                 c:/gcc-arm-none-eabi-10.3-2021.07/bin/../lib/gcc/arm-none-eabi/10.3.1/../../../../arm-none-eabi/lib/thumb/v7e-m+fp/hard\libc_nano.a(lib_a-init.o)
                                                  build/startup_at32f413.o
                                                  c:/gcc-arm-none-eabi-10.3-2021.07/bin/../lib/gcc/arm-none-eabi/10.3.1/../../../../arm-none-eabi/lib/thumb/v7e-m+fp/hard/crt0.o
__ltdf2                                           c:/gcc-arm-none-eabi-10.3-2021.07/bin/../lib/gcc/arm-none-eabi/10.3.1/thumb/v7e-m+fp/hard\libgcc.a(_arm_cmpdf2.o)
__muldf3                                          c:/gcc-arm-none-eabi-10.3-2021.07/bin/../lib/gcc/arm-none-eabi/10.3.1/thumb/v7e-m+fp/hard\libgcc.a(_arm_muldivdf3.o)
                                                  c:/gcc-arm-none-eabi-10.3-2021.07/bin/../lib/gcc/arm-none-eabi/10.3.1/thumb/v7e-m+fp/hard\libgcc.a(_arm_muldf3.o)
__nedf2                                           c:/gcc-arm-none-eabi-10.3-2021.07/bin/../lib/gcc/arm-none-eabi/10.3.1/thumb/v7e-m+fp/hard\libgcc.a(_arm_cmpdf2.o)
__preinit_array_end                               c:/gcc-arm-none-eabi-10.3-2021.07/bin/../lib/gcc/arm-none-eabi/10.3.1/../../../../arm-none-eabi/lib/thumb/v7e-m+fp/hard\libc_nano.a(lib_a-init.o)
__preinit_array_start                             c:/gcc-arm-none-eabi-10.3-2021.07/bin/../lib/gcc/arm-none-eabi/10.3.1/../../../../arm-none-eabi/lib/thumb/v7e-m+fp/hard\libc_nano.a(lib_a-init.o)
__register_frame_info                             c:/gcc-arm-none-eabi-10.3-2021.07/bin/../lib/gcc/arm-none-eabi/10.3.1/thumb/v7e-m+fp/hard/crtbegin.o
__sf_fake_stderr                                  c:/gcc-arm-none-eabi-10.3-2021.07/bin/../lib/gcc/arm-none-eabi/10.3.1/../../../../arm-none-eabi/lib/thumb/v7e-m+fp/hard\libc_nano.a(lib_a-impure.o)
__sf_fake_stdin                                   c:/gcc-arm-none-eabi-10.3-2021.07/bin/../lib/gcc/arm-none-eabi/10.3.1/../../../../arm-none-eabi/lib/thumb/v7e-m+fp/hard\libc_nano.a(lib_a-impure.o)
__sf_fake_stdout                                  c:/gcc-arm-none-eabi-10.3-2021.07/bin/../lib/gcc/arm-none-eabi/10.3.1/../../../../arm-none-eabi/lib/thumb/v7e-m+fp/hard\libc_nano.a(lib_a-impure.o)
__stack                                           c:/gcc-arm-none-eabi-10.3-2021.07/bin/../lib/gcc/arm-none-eabi/10.3.1/../../../../arm-none-eabi/lib/thumb/v7e-m+fp/hard/crt0.o
__subdf3                                          c:/gcc-arm-none-eabi-10.3-2021.07/bin/../lib/gcc/arm-none-eabi/10.3.1/thumb/v7e-m+fp/hard\libgcc.a(_arm_addsubdf3.o)
_ebss                                             build/startup_at32f413.o
_edata                                            build/startup_at32f413.o
_estack                                           build/startup_at32f413.o
_exit                                             c:/gcc-arm-none-eabi-10.3-2021.07/bin/../lib/gcc/arm-none-eabi/10.3.1/../../../../arm-none-eabi/lib/thumb/v7e-m+fp/hard\libnosys.a(_exit.o)
                                                  c:/gcc-arm-none-eabi-10.3-2021.07/bin/../lib/gcc/arm-none-eabi/10.3.1/../../../../arm-none-eabi/lib/thumb/v7e-m+fp/hard\libc_nano.a(lib_a-exit.o)
_fini                                             c:/gcc-arm-none-eabi-10.3-2021.07/bin/../lib/gcc/arm-none-eabi/10.3.1/thumb/v7e-m+fp/hard/crti.o
_global_impure_ptr                                c:/gcc-arm-none-eabi-10.3-2021.07/bin/../lib/gcc/arm-none-eabi/10.3.1/../../../../arm-none-eabi/lib/thumb/v7e-m+fp/hard\libc_nano.a(lib_a-impure.o)
                                                  c:/gcc-arm-none-eabi-10.3-2021.07/bin/../lib/gcc/arm-none-eabi/10.3.1/../../../../arm-none-eabi/lib/thumb/v7e-m+fp/hard\libc_nano.a(lib_a-exit.o)
_impure_ptr                                       c:/gcc-arm-none-eabi-10.3-2021.07/bin/../lib/gcc/arm-none-eabi/10.3.1/../../../../arm-none-eabi/lib/thumb/v7e-m+fp/hard\libc_nano.a(lib_a-impure.o)
_init                                             c:/gcc-arm-none-eabi-10.3-2021.07/bin/../lib/gcc/arm-none-eabi/10.3.1/thumb/v7e-m+fp/hard/crti.o
                                                  c:/gcc-arm-none-eabi-10.3-2021.07/bin/../lib/gcc/arm-none-eabi/10.3.1/../../../../arm-none-eabi/lib/thumb/v7e-m+fp/hard\libc_nano.a(lib_a-init.o)
_mainCRTStartup                                   c:/gcc-arm-none-eabi-10.3-2021.07/bin/../lib/gcc/arm-none-eabi/10.3.1/../../../../arm-none-eabi/lib/thumb/v7e-m+fp/hard/crt0.o
_sbss                                             build/startup_at32f413.o
_sdata                                            build/startup_at32f413.o
_sidata                                           build/startup_at32f413.o
_stack_init                                       c:/gcc-arm-none-eabi-10.3-2021.07/bin/../lib/gcc/arm-none-eabi/10.3.1/../../../../arm-none-eabi/lib/thumb/v7e-m+fp/hard/crt0.o
_start                                            c:/gcc-arm-none-eabi-10.3-2021.07/bin/../lib/gcc/arm-none-eabi/10.3.1/../../../../arm-none-eabi/lib/thumb/v7e-m+fp/hard/crt0.o
_write                                            build/at32f413_board.o
acc_calibration_mode_enable                       build/at32f413_acc.o
acc_flag_clear                                    build/at32f413_acc.o
acc_flag_get                                      build/at32f413_acc.o
acc_hickcal_get                                   build/at32f413_acc.o
acc_hicktrim_get                                  build/at32f413_acc.o
acc_interrupt_enable                              build/at32f413_acc.o
acc_read_c1                                       build/at32f413_acc.o
acc_read_c2                                       build/at32f413_acc.o
acc_read_c3                                       build/at32f413_acc.o
acc_step_set                                      build/at32f413_acc.o
acc_write_c1                                      build/at32f413_acc.o
acc_write_c2                                      build/at32f413_acc.o
acc_write_c3                                      build/at32f413_acc.o
adc_base_config                                   build/at32f413_adc.o
adc_base_default_para_init                        build/at32f413_adc.o
adc_calibration_init                              build/at32f413_adc.o
adc_calibration_init_status_get                   build/at32f413_adc.o
adc_calibration_start                             build/at32f413_adc.o
adc_calibration_status_get                        build/at32f413_adc.o
adc_combine_mode_select                           build/at32f413_adc.o
adc_combine_ordinary_conversion_data_get          build/at32f413_adc.o
adc_dma_mode_enable                               build/at32f413_adc.o
adc_enable                                        build/at32f413_adc.o
adc_flag_clear                                    build/at32f413_adc.o
adc_flag_get                                      build/at32f413_adc.o
adc_interrupt_enable                              build/at32f413_adc.o
adc_ordinary_channel_set                          build/at32f413_adc.o
adc_ordinary_conversion_data_get                  build/at32f413_adc.o
adc_ordinary_conversion_trigger_set               build/at32f413_adc.o
adc_ordinary_part_count_set                       build/at32f413_adc.o
adc_ordinary_part_mode_enable                     build/at32f413_adc.o
adc_ordinary_software_trigger_enable              build/at32f413_adc.o
adc_ordinary_software_trigger_status_get          build/at32f413_adc.o
adc_preempt_auto_mode_enable                      build/at32f413_adc.o
adc_preempt_channel_length_set                    build/at32f413_adc.o
adc_preempt_channel_set                           build/at32f413_adc.o
adc_preempt_conversion_data_get                   build/at32f413_adc.o
adc_preempt_conversion_trigger_set                build/at32f413_adc.o
adc_preempt_offset_value_set                      build/at32f413_adc.o
adc_preempt_part_mode_enable                      build/at32f413_adc.o
adc_preempt_software_trigger_enable               build/at32f413_adc.o
adc_preempt_software_trigger_status_get           build/at32f413_adc.o
adc_reset                                         build/at32f413_adc.o
adc_tempersensor_vintrv_enable                    build/at32f413_adc.o
adc_voltage_monitor_enable                        build/at32f413_adc.o
adc_voltage_monitor_single_channel_select         build/at32f413_adc.o
adc_voltage_monitor_threshold_value_set           build/at32f413_adc.o
at32_board_init                                   build/at32f413_board.o
                                                  build/main.o
at32_button_init                                  build/at32f413_board.o
at32_button_press                                 build/at32f413_board.o
at32_button_state                                 build/at32f413_board.o
at32_led_init                                     build/at32f413_board.o
at32_led_off                                      build/at32f413_board.o
at32_led_on                                       build/at32f413_board.o
                                                  build/main.o
at32_led_toggle                                   build/at32f413_board.o
atexit                                            c:/gcc-arm-none-eabi-10.3-2021.07/bin/../lib/gcc/arm-none-eabi/10.3.1/../../../../arm-none-eabi/lib/thumb/v7e-m+fp/hard/crt0.o
bpr_data_read                                     build/at32f413_bpr.o
bpr_data_write                                    build/at32f413_bpr.o
bpr_flag_clear                                    build/at32f413_bpr.o
bpr_flag_get                                      build/at32f413_bpr.o
bpr_interrupt_enable                              build/at32f413_bpr.o
bpr_reset                                         build/at32f413_bpr.o
bpr_rtc_clock_calibration_value_set               build/at32f413_bpr.o
bpr_rtc_output_select                             build/at32f413_bpr.o
bpr_tamper_pin_active_level_set                   build/at32f413_bpr.o
bpr_tamper_pin_enable                             build/at32f413_bpr.o
can_base_init                                     build/at32f413_can.o
can_baudrate_default_para_init                    build/at32f413_can.o
can_baudrate_set                                  build/at32f413_can.o
can_debug_transmission_prohibit                   build/at32f413_can.o
can_default_para_init                             build/at32f413_can.o
can_doze_mode_enter                               build/at32f413_can.o
can_doze_mode_exit                                build/at32f413_can.o
can_error_type_record_get                         build/at32f413_can.o
can_filter_default_para_init                      build/at32f413_can.o
can_filter_init                                   build/at32f413_can.o
can_flag_clear                                    build/at32f413_can.o
can_flag_get                                      build/at32f413_can.o
can_interrupt_enable                              build/at32f413_can.o
can_message_receive                               build/at32f413_can.o
can_message_transmit                              build/at32f413_can.o
can_operating_mode_set                            build/at32f413_can.o
can_receive_error_counter_get                     build/at32f413_can.o
can_receive_fifo_release                          build/at32f413_can.o
can_receive_message_pending_get                   build/at32f413_can.o
can_reset                                         build/at32f413_can.o
can_transmit_cancel                               build/at32f413_can.o
can_transmit_error_counter_get                    build/at32f413_can.o
can_transmit_status_get                           build/at32f413_can.o
can_ttc_mode_enable                               build/at32f413_can.o
crc_block_calculate                               build/at32f413_crc.o
crc_common_data_set                               build/at32f413_crc.o
crc_common_date_get                               build/at32f413_crc.o
crc_data_get                                      build/at32f413_crc.o
crc_data_reset                                    build/at32f413_crc.o
crc_init_data_set                                 build/at32f413_crc.o
crc_one_word_calculate                            build/at32f413_crc.o
crc_reverse_input_data_set                        build/at32f413_crc.o
crc_reverse_output_data_set                       build/at32f413_crc.o
crm_adc_clock_div_set                             build/at32f413_crm.o
crm_ahb_div_set                                   build/at32f413_crm.o
                                                  build/at32f413_clock.o
crm_apb1_div_set                                  build/at32f413_crm.o
                                                  build/at32f413_clock.o
crm_apb2_div_set                                  build/at32f413_crm.o
                                                  build/at32f413_clock.o
crm_auto_step_mode_enable                         build/at32f413_crm.o
                                                  build/at32f413_clock.o
crm_battery_powered_domain_reset                  build/at32f413_crm.o
                                                  build/at32f413_bpr.o
crm_clkout_div_set                                build/at32f413_crm.o
crm_clkout_to_tmr10_enable                        build/at32f413_crm.o
crm_clock_failure_detection_enable                build/at32f413_crm.o
crm_clock_out_set                                 build/at32f413_crm.o
crm_clock_source_enable                           build/at32f413_crm.o
                                                  build/at32f413_clock.o
crm_clocks_freq_get                               build/at32f413_crm.o
                                                  build/at32f413_usart.o
                                                  build/at32f413_spi.o
                                                  build/at32f413_i2c.o
                                                  build/main.o
crm_clocks_freq_struct                            build/main.o
crm_flag_clear                                    build/at32f413_crm.o
crm_flag_get                                      build/at32f413_crm.o
                                                  build/at32f413_clock.o
crm_hext_bypass                                   build/at32f413_crm.o
crm_hext_stable_wait                              build/at32f413_crm.o
                                                  build/at32f413_clock.o
crm_hick_clock_calibration_set                    build/at32f413_crm.o
crm_hick_clock_trimming_set                       build/at32f413_crm.o
crm_hick_divider_select                           build/at32f413_crm.o
crm_hick_sclk_frequency_select                    build/at32f413_crm.o
crm_interrupt_enable                              build/at32f413_crm.o
crm_lext_bypass                                   build/at32f413_crm.o
crm_periph_clock_enable                           build/at32f413_crm.o
                                                  build/at32f413_board.o
                                                  build/main.o
crm_periph_reset                                  build/at32f413_crm.o
                                                  build/at32f413_wwdt.o
                                                  build/at32f413_usart.o
                                                  build/at32f413_tmr.o
                                                  build/at32f413_spi.o
                                                  build/at32f413_pwc.o
                                                  build/at32f413_i2c.o
                                                  build/at32f413_gpio.o
                                                  build/at32f413_can.o
                                                  build/at32f413_adc.o
crm_periph_sleep_mode_clock_enable                build/at32f413_crm.o
crm_pll_config                                    build/at32f413_crm.o
                                                  build/at32f413_clock.o
crm_reset                                         build/at32f413_crm.o
                                                  build/at32f413_clock.o
crm_rtc_clock_enable                              build/at32f413_crm.o
crm_rtc_clock_select                              build/at32f413_crm.o
crm_sysclk_switch                                 build/at32f413_crm.o
                                                  build/at32f413_clock.o
crm_sysclk_switch_status_get                      build/at32f413_crm.o
                                                  build/system_at32f413.o
                                                  build/at32f413_clock.o
crm_usb_clock_div_set                             build/at32f413_crm.o
crm_usb_clock_source_select                       build/at32f413_crm.o
crm_usb_interrupt_remapping_set                   build/at32f413_crm.o
debug_device_id_get                               build/at32f413_debug.o
debug_periph_mode_set                             build/at32f413_debug.o
delay_init                                        build/at32f413_board.o
delay_ms                                          build/at32f413_board.o
delay_sec                                         build/at32f413_board.o
delay_us                                          build/at32f413_board.o
dma_channel_enable                                build/at32f413_dma.o
                                                  build/main.o
dma_data_number_get                               build/at32f413_dma.o
dma_data_number_set                               build/at32f413_dma.o
dma_default_para_init                             build/at32f413_dma.o
dma_flag_clear                                    build/at32f413_dma.o
dma_flag_get                                      build/at32f413_dma.o
dma_flexible_config                               build/at32f413_dma.o
dma_init                                          build/at32f413_dma.o
                                                  build/main.o
dma_init_struct                                   build/main.o
dma_interrupt_enable                              build/at32f413_dma.o
dma_reset                                         build/at32f413_dma.o
                                                  build/main.o
exint_default_para_init                           build/at32f413_exint.o
exint_event_enable                                build/at32f413_exint.o
exint_flag_clear                                  build/at32f413_exint.o
exint_flag_get                                    build/at32f413_exint.o
exint_init                                        build/at32f413_exint.o
exint_interrupt_enable                            build/at32f413_exint.o
exint_reset                                       build/at32f413_exint.o
exint_software_interrupt_event_generate           build/at32f413_exint.o
exit                                              c:/gcc-arm-none-eabi-10.3-2021.07/bin/../lib/gcc/arm-none-eabi/10.3.1/../../../../arm-none-eabi/lib/thumb/v7e-m+fp/hard\libc_nano.a(lib_a-exit.o)
                                                  c:/gcc-arm-none-eabi-10.3-2021.07/bin/../lib/gcc/arm-none-eabi/10.3.1/../../../../arm-none-eabi/lib/thumb/v7e-m+fp/hard/crt0.o
fabs                                              c:/gcc-arm-none-eabi-10.3-2021.07/bin/../lib/gcc/arm-none-eabi/10.3.1/../../../../arm-none-eabi/lib/thumb/v7e-m+fp/hard\libm.a(lib_a-s_fabs.o)
                                                  c:/gcc-arm-none-eabi-10.3-2021.07/bin/../lib/gcc/arm-none-eabi/10.3.1/../../../../arm-none-eabi/lib/thumb/v7e-m+fp/hard\libm.a(lib_a-e_rem_pio2.o)
flash_byte_program                                build/at32f413_flash.o
flash_crc_calibrate                               build/at32f413_flash.o
flash_epp_set                                     build/at32f413_flash.o
flash_epp_status_get                              build/at32f413_flash.o
flash_fap_enable                                  build/at32f413_flash.o
flash_fap_status_get                              build/at32f413_flash.o
flash_flag_clear                                  build/at32f413_flash.o
flash_flag_get                                    build/at32f413_flash.o
flash_halfword_program                            build/at32f413_flash.o
flash_internal_all_erase                          build/at32f413_flash.o
flash_interrupt_enable                            build/at32f413_flash.o
flash_lock                                        build/at32f413_flash.o
flash_operation_status_get                        build/at32f413_flash.o
flash_operation_wait_for                          build/at32f413_flash.o
flash_sector_erase                                build/at32f413_flash.o
flash_slib_datstart_sector_get                    build/at32f413_flash.o
flash_slib_disable                                build/at32f413_flash.o
flash_slib_enable                                 build/at32f413_flash.o
flash_slib_end_sector_get                         build/at32f413_flash.o
flash_slib_remaining_count_get                    build/at32f413_flash.o
flash_slib_start_sector_get                       build/at32f413_flash.o
flash_slib_state_get                              build/at32f413_flash.o
flash_spim_all_erase                              build/at32f413_flash.o
flash_spim_encryption_range_set                   build/at32f413_flash.o
flash_spim_lock                                   build/at32f413_flash.o
flash_spim_model_select                           build/at32f413_flash.o
flash_spim_operation_status_get                   build/at32f413_flash.o
flash_spim_operation_wait_for                     build/at32f413_flash.o
flash_spim_unlock                                 build/at32f413_flash.o
flash_ssb_set                                     build/at32f413_flash.o
flash_ssb_status_get                              build/at32f413_flash.o
flash_unlock                                      build/at32f413_flash.o
flash_user_system_data_erase                      build/at32f413_flash.o
flash_user_system_data_program                    build/at32f413_flash.o
flash_word_program                                build/at32f413_flash.o
floor                                             c:/gcc-arm-none-eabi-10.3-2021.07/bin/../lib/gcc/arm-none-eabi/10.3.1/../../../../arm-none-eabi/lib/thumb/v7e-m+fp/hard\libm.a(lib_a-s_floor.o)
                                                  c:/gcc-arm-none-eabi-10.3-2021.07/bin/../lib/gcc/arm-none-eabi/10.3.1/../../../../arm-none-eabi/lib/thumb/v7e-m+fp/hard\libm.a(lib_a-k_rem_pio2.o)
g_pfnVectors                                      build/startup_at32f413.o
g_usb_packet_address                              build/at32f413_usb.o
gpio_bits_reset                                   build/at32f413_gpio.o
gpio_bits_set                                     build/at32f413_gpio.o
gpio_bits_write                                   build/at32f413_gpio.o
gpio_default_para_init                            build/at32f413_gpio.o
                                                  build/at32f413_board.o
gpio_event_output_config                          build/at32f413_gpio.o
gpio_event_output_enable                          build/at32f413_gpio.o
gpio_exint_line_config                            build/at32f413_gpio.o
gpio_init                                         build/at32f413_gpio.o
                                                  build/at32f413_board.o
                                                  build/main.o
gpio_init_struct                                  build/main.o
gpio_input_data_bit_read                          build/at32f413_gpio.o
                                                  build/at32f413_board.o
gpio_input_data_read                              build/at32f413_gpio.o
gpio_iomux_reset                                  build/at32f413_gpio.o
gpio_output_data_bit_read                         build/at32f413_gpio.o
gpio_output_data_read                             build/at32f413_gpio.o
gpio_pin_remap_config                             build/at32f413_gpio.o
gpio_pin_wp_config                                build/at32f413_gpio.o
gpio_port_wirte                                   build/at32f413_gpio.o
gpio_reset                                        build/at32f413_gpio.o
hardware_init_hook                                c:/gcc-arm-none-eabi-10.3-2021.07/bin/../lib/gcc/arm-none-eabi/10.3.1/../../../../arm-none-eabi/lib/thumb/v7e-m+fp/hard/crt0.o
i2c_7bit_address_send                             build/at32f413_i2c.o
i2c_ack_enable                                    build/at32f413_i2c.o
i2c_arp_mode_enable                               build/at32f413_i2c.o
i2c_clock_stretch_enable                          build/at32f413_i2c.o
i2c_data_receive                                  build/at32f413_i2c.o
i2c_data_send                                     build/at32f413_i2c.o
i2c_dma_enable                                    build/at32f413_i2c.o
i2c_dma_end_transfer_set                          build/at32f413_i2c.o
i2c_enable                                        build/at32f413_i2c.o
i2c_fast_mode_duty_set                            build/at32f413_i2c.o
i2c_flag_clear                                    build/at32f413_i2c.o
i2c_flag_get                                      build/at32f413_i2c.o
i2c_general_call_enable                           build/at32f413_i2c.o
i2c_init                                          build/at32f413_i2c.o
i2c_interrupt_enable                              build/at32f413_i2c.o
i2c_master_receive_ack_set                        build/at32f413_i2c.o
i2c_own_address1_set                              build/at32f413_i2c.o
i2c_own_address2_enable                           build/at32f413_i2c.o
i2c_own_address2_set                              build/at32f413_i2c.o
i2c_pec_calculate_enable                          build/at32f413_i2c.o
i2c_pec_position_set                              build/at32f413_i2c.o
i2c_pec_transmit_enable                           build/at32f413_i2c.o
i2c_pec_value_get                                 build/at32f413_i2c.o
i2c_reset                                         build/at32f413_i2c.o
i2c_smbus_alert_set                               build/at32f413_i2c.o
i2c_smbus_enable                                  build/at32f413_i2c.o
i2c_smbus_mode_set                                build/at32f413_i2c.o
i2c_software_reset                                build/at32f413_i2c.o
i2c_start_generate                                build/at32f413_i2c.o
i2c_stop_generate                                 build/at32f413_i2c.o
i2s_default_para_init                             build/at32f413_spi.o
i2s_enable                                        build/at32f413_spi.o
i2s_init                                          build/at32f413_spi.o
led_gpio_crm_clk                                  build/at32f413_board.o
led_gpio_pin                                      build/at32f413_board.o
led_gpio_port                                     build/at32f413_board.o
main                                              build/main.o
                                                  build/startup_at32f413.o
                                                  c:/gcc-arm-none-eabi-10.3-2021.07/bin/../lib/gcc/arm-none-eabi/10.3.1/../../../../arm-none-eabi/lib/thumb/v7e-m+fp/hard/crt0.o
memset                                            c:/gcc-arm-none-eabi-10.3-2021.07/bin/../lib/gcc/arm-none-eabi/10.3.1/../../../../arm-none-eabi/lib/thumb/v7e-m+fp/hard\libc_nano.a(lib_a-memset.o)
                                                  c:/gcc-arm-none-eabi-10.3-2021.07/bin/../lib/gcc/arm-none-eabi/10.3.1/../../../../arm-none-eabi/lib/thumb/v7e-m+fp/hard/crt0.o
nvic_irq_disable                                  build/at32f413_misc.o
nvic_irq_enable                                   build/at32f413_misc.o
nvic_lowpower_mode_config                         build/at32f413_misc.o
nvic_priority_group_config                        build/at32f413_misc.o
nvic_system_reset                                 build/at32f413_misc.o
nvic_vector_table_set                             build/at32f413_misc.o
pwc_battery_powered_domain_access                 build/at32f413_pwc.o
pwc_deep_sleep_mode_enter                         build/at32f413_pwc.o
pwc_flag_clear                                    build/at32f413_pwc.o
pwc_flag_get                                      build/at32f413_pwc.o
pwc_power_voltage_monitor_enable                  build/at32f413_pwc.o
pwc_pvm_level_select                              build/at32f413_pwc.o
pwc_reset                                         build/at32f413_pwc.o
pwc_sleep_mode_enter                              build/at32f413_pwc.o
pwc_standby_mode_enter                            build/at32f413_pwc.o
pwc_voltage_regulate_set                          build/at32f413_pwc.o
pwc_wakeup_pin_enable                             build/at32f413_pwc.o
rtc_alarm_set                                     build/at32f413_rtc.o
rtc_counter_get                                   build/at32f413_rtc.o
rtc_counter_set                                   build/at32f413_rtc.o
rtc_divider_get                                   build/at32f413_rtc.o
rtc_divider_set                                   build/at32f413_rtc.o
rtc_flag_clear                                    build/at32f413_rtc.o
rtc_flag_get                                      build/at32f413_rtc.o
rtc_interrupt_enable                              build/at32f413_rtc.o
rtc_wait_config_finish                            build/at32f413_rtc.o
rtc_wait_update_finish                            build/at32f413_rtc.o
scalbn                                            c:/gcc-arm-none-eabi-10.3-2021.07/bin/../lib/gcc/arm-none-eabi/10.3.1/../../../../arm-none-eabi/lib/thumb/v7e-m+fp/hard\libm.a(lib_a-s_scalbn.o)
                                                  c:/gcc-arm-none-eabi-10.3-2021.07/bin/../lib/gcc/arm-none-eabi/10.3.1/../../../../arm-none-eabi/lib/thumb/v7e-m+fp/hard\libm.a(lib_a-k_rem_pio2.o)
sdio_buffer_counter_get                           build/at32f413_sdio.o
sdio_bus_width_config                             build/at32f413_sdio.o
sdio_clock_bypass                                 build/at32f413_sdio.o
sdio_clock_config                                 build/at32f413_sdio.o
sdio_clock_enable                                 build/at32f413_sdio.o
sdio_command_config                               build/at32f413_sdio.o
sdio_command_response_get                         build/at32f413_sdio.o
sdio_command_state_machine_enable                 build/at32f413_sdio.o
sdio_data_config                                  build/at32f413_sdio.o
sdio_data_counter_get                             build/at32f413_sdio.o
sdio_data_read                                    build/at32f413_sdio.o
sdio_data_state_machine_enable                    build/at32f413_sdio.o
sdio_data_write                                   build/at32f413_sdio.o
sdio_dma_enable                                   build/at32f413_sdio.o
sdio_flag_clear                                   build/at32f413_sdio.o
sdio_flag_get                                     build/at32f413_sdio.o
sdio_flow_control_enable                          build/at32f413_sdio.o
sdio_interrupt_enable                             build/at32f413_sdio.o
sdio_io_function_enable                           build/at32f413_sdio.o
sdio_io_suspend_command_set                       build/at32f413_sdio.o
sdio_power_saving_mode_enable                     build/at32f413_sdio.o
sdio_power_set                                    build/at32f413_sdio.o
sdio_power_status_get                             build/at32f413_sdio.o
sdio_read_wait_mode_set                           build/at32f413_sdio.o
sdio_read_wait_start                              build/at32f413_sdio.o
sdio_read_wait_stop                               build/at32f413_sdio.o
sdio_reset                                        build/at32f413_sdio.o
sdio_response_get                                 build/at32f413_sdio.o
sin                                               c:/gcc-arm-none-eabi-10.3-2021.07/bin/../lib/gcc/arm-none-eabi/10.3.1/../../../../arm-none-eabi/lib/thumb/v7e-m+fp/hard\libm.a(lib_a-s_sin.o)
                                                  build/main.o
software_init_hook                                c:/gcc-arm-none-eabi-10.3-2021.07/bin/../lib/gcc/arm-none-eabi/10.3.1/../../../../arm-none-eabi/lib/thumb/v7e-m+fp/hard/crt0.o
spi_crc_enable                                    build/at32f413_spi.o
spi_crc_next_transmit                             build/at32f413_spi.o
spi_crc_polynomial_get                            build/at32f413_spi.o
spi_crc_polynomial_set                            build/at32f413_spi.o
spi_crc_value_get                                 build/at32f413_spi.o
spi_default_para_init                             build/at32f413_spi.o
spi_enable                                        build/at32f413_spi.o
spi_frame_bit_num_set                             build/at32f413_spi.o
spi_half_duplex_direction_set                     build/at32f413_spi.o
spi_hardware_cs_output_enable                     build/at32f413_spi.o
spi_i2s_data_receive                              build/at32f413_spi.o
spi_i2s_data_transmit                             build/at32f413_spi.o
spi_i2s_dma_receiver_enable                       build/at32f413_spi.o
spi_i2s_dma_transmitter_enable                    build/at32f413_spi.o
spi_i2s_flag_clear                                build/at32f413_spi.o
spi_i2s_flag_get                                  build/at32f413_spi.o
spi_i2s_interrupt_enable                          build/at32f413_spi.o
spi_i2s_reset                                     build/at32f413_spi.o
spi_init                                          build/at32f413_spi.o
spi_software_cs_internal_level_set                build/at32f413_spi.o
src_buffer                                        build/main.o
system_clock_config                               build/at32f413_clock.o
                                                  build/main.o
system_core_clock                                 build/system_at32f413.o
                                                  build/at32f413_board.o